Archive member included to satisfy reference by file (symbol)

../Middlewares/ST/AI/Lib\NetworkRuntime600_CM4_GCC.a(ai_platform_interface.o)
                              X-CUBE-AI/App/network.o (ai_platform_runtime_get_revision)
../Middlewares/ST/AI/Lib\NetworkRuntime600_CM4_GCC.a(core_mem_manager.o)
                              ../Middlewares/ST/AI/Lib\NetworkRuntime600_CM4_GCC.a(ai_platform_interface.o) (core_mem_alloc)
../Middlewares/ST/AI/Lib\NetworkRuntime600_CM4_GCC.a(core_common.o)
                              ../Middlewares/ST/AI/Lib\NetworkRuntime600_CM4_GCC.a(ai_platform_interface.o) (core_init)
../Middlewares/ST/AI/Lib\NetworkRuntime600_CM4_GCC.a(layers_conv2d_generic_float.o)
                              X-CUBE-AI/App/network.o (forward_conv2d)
../Middlewares/ST/AI/Lib\NetworkRuntime600_CM4_GCC.a(layers_nl_generic_float.o)
                              X-CUBE-AI/App/network.o (nl_func_relu_array_f32)
../Middlewares/ST/AI/Lib\NetworkRuntime600_CM4_GCC.a(layers_pool_generic_float.o)
                              X-CUBE-AI/App/network.o (pool_func_mp_array_f32)
../Middlewares/ST/AI/Lib\NetworkRuntime600_CM4_GCC.a(layers.o)
                              ../Middlewares/ST/AI/Lib\NetworkRuntime600_CM4_GCC.a(ai_platform_interface.o) (ai_check_custom_types)
../Middlewares/ST/AI/Lib\NetworkRuntime600_CM4_GCC.a(arm_mat_init_f32.o)
                              ../Middlewares/ST/AI/Lib\NetworkRuntime600_CM4_GCC.a(layers_conv2d_generic_float.o) (arm_mat_init_f32)
../Middlewares/ST/AI/Lib\NetworkRuntime600_CM4_GCC.a(ai_datatypes_format.o)
                              ../Middlewares/ST/AI/Lib\NetworkRuntime600_CM4_GCC.a(ai_platform_interface.o) (ai_array_to_buffer_fmt)
../Middlewares/ST/AI/Lib\NetworkRuntime600_CM4_GCC.a(ai_math_helpers.o)
                              ../Middlewares/ST/AI/Lib\NetworkRuntime600_CM4_GCC.a(layers_nl_generic_float.o) (ai_math_sqrt)
c:/st/stm32cubeide_1.5.0/stm32cubeide/plugins/com.st.stm32cube.ide.mcu.externaltools.gnu-tools-for-stm32.9-2020-q2-update.win32_1.5.0.202011040924/tools/bin/../lib/gcc/arm-none-eabi/9.3.1/../../../../arm-none-eabi/lib/thumb/v7e-m+fp/hard\libc_nano.a(lib_a-errno.o)
                              Core/Src/sysmem.o (__errno)
c:/st/stm32cubeide_1.5.0/stm32cubeide/plugins/com.st.stm32cube.ide.mcu.externaltools.gnu-tools-for-stm32.9-2020-q2-update.win32_1.5.0.202011040924/tools/bin/../lib/gcc/arm-none-eabi/9.3.1/../../../../arm-none-eabi/lib/thumb/v7e-m+fp/hard\libc_nano.a(lib_a-exit.o)
                              c:/st/stm32cubeide_1.5.0/stm32cubeide/plugins/com.st.stm32cube.ide.mcu.externaltools.gnu-tools-for-stm32.9-2020-q2-update.win32_1.5.0.202011040924/tools/bin/../lib/gcc/arm-none-eabi/9.3.1/../../../../arm-none-eabi/lib/thumb/v7e-m+fp/hard/crt0.o (exit)
c:/st/stm32cubeide_1.5.0/stm32cubeide/plugins/com.st.stm32cube.ide.mcu.externaltools.gnu-tools-for-stm32.9-2020-q2-update.win32_1.5.0.202011040924/tools/bin/../lib/gcc/arm-none-eabi/9.3.1/../../../../arm-none-eabi/lib/thumb/v7e-m+fp/hard\libc_nano.a(lib_a-impure.o)
                              c:/st/stm32cubeide_1.5.0/stm32cubeide/plugins/com.st.stm32cube.ide.mcu.externaltools.gnu-tools-for-stm32.9-2020-q2-update.win32_1.5.0.202011040924/tools/bin/../lib/gcc/arm-none-eabi/9.3.1/../../../../arm-none-eabi/lib/thumb/v7e-m+fp/hard\libc_nano.a(lib_a-exit.o) (_global_impure_ptr)
c:/st/stm32cubeide_1.5.0/stm32cubeide/plugins/com.st.stm32cube.ide.mcu.externaltools.gnu-tools-for-stm32.9-2020-q2-update.win32_1.5.0.202011040924/tools/bin/../lib/gcc/arm-none-eabi/9.3.1/../../../../arm-none-eabi/lib/thumb/v7e-m+fp/hard\libc_nano.a(lib_a-init.o)
                              c:/st/stm32cubeide_1.5.0/stm32cubeide/plugins/com.st.stm32cube.ide.mcu.externaltools.gnu-tools-for-stm32.9-2020-q2-update.win32_1.5.0.202011040924/tools/bin/../lib/gcc/arm-none-eabi/9.3.1/../../../../arm-none-eabi/lib/thumb/v7e-m+fp/hard/crt0.o (__libc_init_array)
c:/st/stm32cubeide_1.5.0/stm32cubeide/plugins/com.st.stm32cube.ide.mcu.externaltools.gnu-tools-for-stm32.9-2020-q2-update.win32_1.5.0.202011040924/tools/bin/../lib/gcc/arm-none-eabi/9.3.1/../../../../arm-none-eabi/lib/thumb/v7e-m+fp/hard\libc_nano.a(lib_a-malloc.o)
                              ../Middlewares/ST/AI/Lib\NetworkRuntime600_CM4_GCC.a(core_mem_manager.o) (malloc)
c:/st/stm32cubeide_1.5.0/stm32cubeide/plugins/com.st.stm32cube.ide.mcu.externaltools.gnu-tools-for-stm32.9-2020-q2-update.win32_1.5.0.202011040924/tools/bin/../lib/gcc/arm-none-eabi/9.3.1/../../../../arm-none-eabi/lib/thumb/v7e-m+fp/hard\libc_nano.a(lib_a-memcpy-stub.o)
                              X-CUBE-AI/App/network.o (memcpy)
c:/st/stm32cubeide_1.5.0/stm32cubeide/plugins/com.st.stm32cube.ide.mcu.externaltools.gnu-tools-for-stm32.9-2020-q2-update.win32_1.5.0.202011040924/tools/bin/../lib/gcc/arm-none-eabi/9.3.1/../../../../arm-none-eabi/lib/thumb/v7e-m+fp/hard\libc_nano.a(lib_a-memset.o)
[...]
Memory Configuration

Name             Origin             Length             Attributes
CCMRAM           0x0000000010000000 0x0000000000010000 xrw
RAM              0x0000000020000000 0x0000000000020000 xrw
FLASH            0x0000000008000000 0x0000000000100000 xr
*default*        0x0000000000000000 0xffffffffffffffff

Linker script and memory map

LOAD c:/st/stm32cubeide_1.5.0/stm32cubeide/plugins/com.st.stm32cube.ide.mcu.externaltools.gnu-tools-for-stm32.9-2020-q2-update.win32_1.5.0.202011040924/tools/bin/../lib/gcc/arm-none-eabi/9.3.1/thumb/v7e-m+fp/hard/crti.o
LOAD c:/st/stm32cubeide_1.5.0/stm32cubeide/plugins/com.st.stm32cube.ide.mcu.externaltools.gnu-tools-for-stm32.9-2020-q2-update.win32_1.5.0.202011040924/tools/bin/../lib/gcc/arm-none-eabi/9.3.1/thumb/v7e-m+fp/hard/crtbegin.o
LOAD c:/st/stm32cubeide_1.5.0/stm32cubeide/plugins/com.st.stm32cube.ide.mcu.externaltools.gnu-tools-for-stm32.9-2020-q2-update.win32_1.5.0.202011040924/tools/bin/../lib/gcc/arm-none-eabi/9.3.1/../../../../arm-none-eabi/lib/thumb/v7e-m+fp/hard/crt0.o
LOAD Core/Src/crc.o
LOAD Core/Src/dma.o
LOAD Core/Src/gpio.o
LOAD Core/Src/lsm3.o
LOAD Core/Src/main.o
LOAD Core/Src/spi.o
LOAD Core/Src/stm32f4xx_hal_msp.o
LOAD Core/Src/stm32f4xx_it.o
LOAD Core/Src/sysmem.o
LOAD Core/Src/system_stm32f4xx.o
LOAD Core/Src/usart.o
LOAD Core/Startup/startup_stm32f407vgtx.o
LOAD Drivers/STM32F4xx_HAL_Driver/Src/stm32f4xx_hal.o
LOAD Drivers/STM32F4xx_HAL_Driver/Src/stm32f4xx_hal_cortex.o
LOAD Drivers/STM32F4xx_HAL_Driver/Src/stm32f4xx_hal_crc.o
LOAD Drivers/STM32F4xx_HAL_Driver/Src/stm32f4xx_hal_dma.o
LOAD Drivers/STM32F4xx_HAL_Driver/Src/stm32f4xx_hal_dma_ex.o
LOAD Drivers/STM32F4xx_HAL_Driver/Src/stm32f4xx_hal_exti.o
LOAD Drivers/STM32F4xx_HAL_Driver/Src/stm32f4xx_hal_flash.o
LOAD Drivers/STM32F4xx_HAL_Driver/Src/stm32f4xx_hal_flash_ex.o
LOAD Drivers/STM32F4xx_HAL_Driver/Src/stm32f4xx_hal_flash_ramfunc.o
LOAD Drivers/STM32F4xx_HAL_Driver/Src/stm32f4xx_hal_gpio.o
LOAD Drivers/STM32F4xx_HAL_Driver/Src/stm32f4xx_hal_pwr.o
LOAD Drivers/STM32F4xx_HAL_Driver/Src/stm32f4xx_hal_pwr_ex.o
LOAD Drivers/STM32F4xx_HAL_Driver/Src/stm32f4xx_hal_rcc.o
LOAD Drivers/STM32F4xx_HAL_Driver/Src/stm32f4xx_hal_rcc_ex.o
LOAD Drivers/STM32F4xx_HAL_Driver/Src/stm32f4xx_hal_spi.o
LOAD Drivers/STM32F4xx_HAL_Driver/Src/stm32f4xx_hal_tim.o
LOAD Drivers/STM32F4xx_HAL_Driver/Src/stm32f4xx_hal_tim_ex.o
LOAD Drivers/STM32F4xx_HAL_Driver/Src/stm32f4xx_hal_uart.o
LOAD X-CUBE-AI/App/network.o
LOAD X-CUBE-AI/App/network_data.o
LOAD ../Middlewares/ST/AI/Lib\NetworkRuntime600_CM4_GCC.a
START GROUP
LOAD ../Middlewares/ST/AI/Lib\NetworkRuntime600_CM4_GCC.a
END GROUP
START GROUP
LOAD c:/st/stm32cubeide_1.5.0/stm32cubeide/plugins/com.st.stm32cube.ide.mcu.externaltools.gnu-tools-for-stm32.9-2020-q2-update.win32_1.5.0.202011040924/tools/bin/../lib/gcc/arm-none-eabi/9.3.1/../../../../arm-none-eabi/lib/thumb/v7e-m+fp/hard\libc_nano.a
LOAD c:/st/stm32cubeide_1.5.0/stm32cubeide/plugins/com.st.stm32cube.ide.mcu.externaltools.gnu-tools-for-stm32.9-2020-q2-update.win32_1.5.0.202011040924/tools/bin/../lib/gcc/arm-none-eabi/9.3.1/../../../../arm-none-eabi/lib/thumb/v7e-m+fp/hard\libm.a
END GROUP
START GROUP
LOAD c:/st/stm32cubeide_1.5.0/stm32cubeide/plugins/com.st.stm32cube.ide.mcu.externaltools.gnu-tools-for-stm32.9-2020-q2-update.win32_1.5.0.202011040924/tools/bin/../lib/gcc/arm-none-eabi/9.3.1/thumb/v7e-m+fp/hard\libgcc.a
LOAD c:/st/stm32cubeide_1.5.0/stm32cubeide/plugins/com.st.stm32cube.ide.mcu.externaltools.gnu-tools-for-stm32.9-2020-q2-update.win32_1.5.0.202011040924/tools/bin/../lib/gcc/arm-none-eabi/9.3.1/../../../../arm-none-eabi/lib/thumb/v7e-m+fp/hard\libc_nano.a
END GROUP
START GROUP
LOAD c:/st/stm32cubeide_1.5.0/stm32cubeide/plugins/com.st.stm32cube.ide.mcu.externaltools.gnu-tools-for-stm32.9-2020-q2-update.win32_1.5.0.202011040924/tools/bin/../lib/gcc/arm-none-eabi/9.3.1/thumb/v7e-m+fp/hard\libgcc.a
LOAD c:/st/stm32cubeide_1.5.0/stm32cubeide/plugins/com.st.stm32cube.ide.mcu.externaltools.gnu-tools-for-stm32.9-2020-q2-update.win32_1.5.0.202011040924/tools/bin/../lib/gcc/arm-none-eabi/9.3.1/../../../../arm-none-eabi/lib/thumb/v7e-m+fp/hard\libc_nano.a
LOAD c:/st/stm32cubeide_1.5.0/stm32cubeide/plugins/com.st.stm32cube.ide.mcu.externaltools.gnu-tools-for-stm32.9-2020-q2-update.win32_1.5.0.202011040924/tools/bin/../lib/gcc/arm-none-eabi/9.3.1/../../../../arm-none-eabi/lib/thumb/v7e-m+fp/hard\libnosys.a
END GROUP
START GROUP
LOAD c:/st/stm32cubeide_1.5.0/stm32cubeide/plugins/com.st.stm32cube.ide.mcu.externaltools.gnu-tools-for-stm32.9-2020-q2-update.win32_1.5.0.202011040924/tools/bin/../lib/gcc/arm-none-eabi/9.3.1/thumb/v7e-m+fp/hard\libgcc.a
LOAD c:/st/stm32cubeide_1.5.0/stm32cubeide/plugins/com.st.stm32cube.ide.mcu.externaltools.gnu-tools-for-stm32.9-2020-q2-update.win32_1.5.0.202011040924/tools/bin/../lib/gcc/arm-none-eabi/9.3.1/../../../../arm-none-eabi/lib/thumb/v7e-m+fp/hard\libc_nano.a
LOAD c:/st/stm32cubeide_1.5.0/stm32cubeide/plugins/com.st.stm32cube.ide.mcu.externaltools.gnu-tools-for-stm32.9-2020-q2-update.win32_1.5.0.202011040924/tools/bin/../lib/gcc/arm-none-eabi/9.3.1/../../../../arm-none-eabi/lib/thumb/v7e-m+fp/hard\libnosys.a
END GROUP
LOAD c:/st/stm32cubeide_1.5.0/stm32cubeide/plugins/com.st.stm32cube.ide.mcu.externaltools.gnu-tools-for-stm32.9-2020-q2-update.win32_1.5.0.202011040924/tools/bin/../lib/gcc/arm-none-eabi/9.3.1/thumb/v7e-m+fp/hard/crtend.o
LOAD c:/st/stm32cubeide_1.5.0/stm32cubeide/plugins/com.st.stm32cube.ide.mcu.externaltools.gnu-tools-for-stm32.9-2020-q2-update.win32_1.5.0.202011040924/tools/bin/../lib/gcc/arm-none-eabi/9.3.1/thumb/v7e-m+fp/hard/crtn.o
                0x0000000020020000                _estack = (ORIGIN (RAM) + LENGTH (RAM))
                0x0000000000000200                _Min_Heap_Size = 0x200
                0x0000000000002000                _Min_Stack_Size = 0x2000

.isr_vector     0x0000000008000000      0x188
                0x0000000008000000                . = ALIGN (0x4)
 *(.isr_vector)
 .isr_vector    0x0000000008000000      0x188 Core/Startup/startup_stm32f407vgtx.o
                0x0000000008000000                g_pfnVectors
                0x0000000008000188                . = ALIGN (0x4)

.text           0x0000000008000190     0x915c
                0x0000000008000190                . = ALIGN (0x4)
 *(.text)
 .text          0x0000000008000190       0x40 c:/st/stm32cubeide_1.5.0/stm32cubeide/plugins/com.st.stm32cube.ide.mcu.externaltools.gnu-tools-for-stm32.9-2020-q2-update.win32_1.5.0.202011040924/tools/bin/../lib/gcc/arm-none-eabi/9.3.1/thumb/v7e-m+fp/hard/crtbegin.o
 .text          0x00000000080001d0       0x10 c:/st/stm32cubeide_1.5.0/stm32cubeide/plugins/com.st.stm32cube.ide.mcu.externaltools.gnu-tools-for-stm32.9-2020-q2-update.win32_1.5.0.202011040924/tools/bin/../lib/gcc/arm-none-eabi/9.3.1/../../../../arm-none-eabi/lib/thumb/v7e-m+fp/hard\libc_nano.a(lib_a-strlen.o)
                0x00000000080001d0                strlen
 .text          0x00000000080001e0       0xa0 c:/st/stm32cubeide_1.5.0/stm32cubeide/plugins/com.st.stm32cube.ide.mcu.externaltools.gnu-tools-for-stm32.9-2020-q2-update.win32_1.5.0.202011040924/tools/bin/../lib/gcc/arm-none-eabi/9.3.1/../../../../arm-none-eabi/lib/thumb/v7e-m+fp/hard\libc_nano.a(lib_a-memchr.o)
                0x00000000080001e0                memchr
 .text          0x0000000008000280      0x378 c:/st/stm32cubeide_1.5.0/stm32cubeide/plugins/com.st.stm32cube.ide.mcu.externaltools.gnu-tools-for-stm32.9-2020-q2-update.win32_1.5.0.202011040924/tools/bin/../lib/gcc/arm-none-eabi/9.3.1/thumb/v7e-m+fp/hard\libgcc.a(_arm_addsubdf3.o)
                0x0000000008000280                __aeabi_drsub
                0x0000000008000288                __aeabi_dsub
                0x0000000008000288                __subdf3
                0x000000000800028c                __aeabi_dadd
                0x000000000800028c                __adddf3
                0x0000000008000504                __floatunsidf
                0x0000000008000504                __aeabi_ui2d
                0x0000000008000524                __floatsidf
                0x0000000008000524                __aeabi_i2d
                0x0000000008000548                __aeabi_f2d
                0x0000000008000548                __extendsfdf2
                0x000000000800058c                __floatundidf
                0x000000000800058c                __aeabi_ul2d
                0x000000000800059c                __floatdidf
                0x000000000800059c                __aeabi_l2d
 .text          0x00000000080005f8      0x424 c:/st/stm32cubeide_1.5.0/stm32cubeide/plugins/com.st.stm32cube.ide.mcu.externaltools.gnu-tools-for-stm32.9-2020-q2-update.win32_1.5.0.202011040924/tools/bin/../lib/gcc/arm-none-eabi/9.3.1/thumb/v7e-m+fp/hard\libgcc.a(_arm_muldivdf3.o)
                0x00000000080005f8                __aeabi_dmul
                0x00000000080005f8                __muldf3
                0x000000000800084c                __divdf3
                0x000000000800084c                __aeabi_ddiv
 .text          0x0000000008000a1c      0x110 c:/st/stm32cubeide_1.5.0/stm32cubeide/plugins/com.st.stm32cube.ide.mcu.externaltools.gnu-tools-for-stm32.9-2020-q2-update.win32_1.5.0.202011040924/tools/bin/../lib/gcc/arm-none-eabi/9.3.1/thumb/v7e-m+fp/hard\libgcc.a(_arm_cmpdf2.o)
                0x0000000008000a1c                __gtdf2
                0x0000000008000a1c                __gedf2
                0x0000000008000a24                __ltdf2
                0x0000000008000a24                __ledf2
                0x0000000008000a2c                __nedf2
                0x0000000008000a2c                __eqdf2
                0x0000000008000a2c                __cmpdf2
                0x0000000008000aa8                __aeabi_cdrcmple
                0x0000000008000ab8                __aeabi_cdcmpeq
                0x0000000008000ab8                __aeabi_cdcmple
                0x0000000008000ac8                __aeabi_dcmpeq
                0x0000000008000adc                __aeabi_dcmplt
                0x0000000008000af0                __aeabi_dcmple
                0x0000000008000b04                __aeabi_dcmpge
                0x0000000008000b18                __aeabi_dcmpgt
 .text          0x0000000008000b2c       0x2c c:/st/stm32cubeide_1.5.0/stm32cubeide/plugins/com.st.stm32cube.ide.mcu.externaltools.gnu-tools-for-stm32.9-2020-q2-update.win32_1.5.0.202011040924/tools/bin/../lib/gcc/arm-none-eabi/9.3.1/thumb/v7e-m+fp/hard\libgcc.a(_arm_unorddf2.o)
                0x0000000008000b2c                __unorddf2
                0x0000000008000b2c                __aeabi_dcmpun
 .text          0x0000000008000b58       0x50 c:/st/stm32cubeide_1.5.0/stm32cubeide/plugins/com.st.stm32cube.ide.mcu.externaltools.gnu-tools-for-stm32.9-2020-q2-update.win32_1.5.0.202011040924/tools/bin/../lib/gcc/arm-none-eabi/9.3.1/thumb/v7e-m+fp/hard\libgcc.a(_arm_fixdfsi.o)
                0x0000000008000b58                __aeabi_d2iz
                0x0000000008000b58                __fixdfsi
 .text          0x0000000008000ba8       0x30 c:/st/stm32cubeide_1.5.0/stm32cubeide/plugins/com.st.stm32cube.ide.mcu.externaltools.gnu-tools-for-stm32.9-2020-q2-update.win32_1.5.0.202011040924/tools/bin/../lib/gcc/arm-none-eabi/9.3.1/thumb/v7e-m+fp/hard\libgcc.a(_aeabi_uldivmod.o)
                0x0000000008000ba8                __aeabi_uldivmod
 .text          0x0000000008000bd8      0x2c4 c:/st/stm32cubeide_1.5.0/stm32cubeide/plugins/com.st.stm32cube.ide.mcu.externaltools.gnu-tools-for-stm32.9-2020-q2-update.win32_1.5.0.202011040924/tools/bin/../lib/gcc/arm-none-eabi/9.3.1/thumb/v7e-m+fp/hard\libgcc.a(_udivmoddi4.o)
                0x0000000008000bd8                __udivmoddi4
 .text          0x0000000008000e9c        0x4 c:/st/stm32cubeide_1.5.0/stm32cubeide/plugins/com.st.stm32cube.ide.mcu.externaltools.gnu-tools-for-stm32.9-2020-q2-update.win32_1.5.0.202011040924/tools/bin/../lib/gcc/arm-none-eabi/9.3.1/thumb/v7e-m+fp/hard\libgcc.a(_dvmd_tls.o)
                0x0000000008000e9c                __aeabi_idiv0
                0x0000000008000e9c                __aeabi_ldiv0
 *(.text*)
 .text.MX_CRC_Init
                0x0000000008000ea0       0x20 Core/Src/crc.o
                0x0000000008000ea0                MX_CRC_Init
 .text.HAL_CRC_MspInit
                0x0000000008000ec0       0x30 Core/Src/crc.o
                0x0000000008000ec0                HAL_CRC_MspInit
 .text.MX_DMA_Init
                0x0000000008000ef0       0x34 Core/Src/dma.o
                0x0000000008000ef0                MX_DMA_Init
 .text.MX_GPIO_Init
                0x0000000008000f24      0x114 Core/Src/gpio.o
                0x0000000008000f24                MX_GPIO_Init
 .text.LIS3DSH_Write
                0x0000000008001038       0x44 Core/Src/lsm3.o
                0x0000000008001038                LIS3DSH_Write
 .text.LIS3DSH_init
                0x000000000800107c       0x3c Core/Src/lsm3.o
                0x000000000800107c                LIS3DSH_init
 .text.LIS3DSH_Read
                0x00000000080010b8       0x48 Core/Src/lsm3.o
                0x00000000080010b8                LIS3DSH_Read
 .text.LIS3DSH_GetDataRaw
                0x0000000008001100        0xa Core/Src/lsm3.o
                0x0000000008001100                LIS3DSH_GetDataRaw
 *fill*         0x000000000800110a        0x2 
 .text._write   0x000000000800110c       0x18 Core/Src/main.o
                0x000000000800110c                _write
 .text.Error_Handler
                0x0000000008001124       0x1c Core/Src/main.o
                0x0000000008001124                Error_Handler
 .text.SystemClock_Config
                0x0000000008001140       0xa4 Core/Src/main.o
                0x0000000008001140                SystemClock_Config
 .text.HAL_GPIO_EXTI_Callback
                0x00000000080011e4      0x148 Core/Src/main.o
                0x00000000080011e4                HAL_GPIO_EXTI_Callback
 .text.startup.main
                0x000000000800132c       0xb4 Core/Src/main.o
                0x000000000800132c                main
 .text.MX_SPI1_Init
                0x00000000080013e0       0x44 Core/Src/spi.o
                0x00000000080013e0                MX_SPI1_Init
 .text.HAL_SPI_MspInit
                0x0000000008001424       0x6c Core/Src/spi.o
                0x0000000008001424                HAL_SPI_MspInit
 .text.HAL_MspInit
                0x0000000008001490       0x3c Core/Src/stm32f4xx_hal_msp.o
                0x0000000008001490                HAL_MspInit
 .text.NMI_Handler
                0x00000000080014cc        0x2 Core/Src/stm32f4xx_it.o
                0x00000000080014cc                NMI_Handler
 .text.HardFault_Handler
                0x00000000080014ce        0x2 Core/Src/stm32f4xx_it.o
                0x00000000080014ce                HardFault_Handler
 .text.MemManage_Handler
                0x00000000080014d0        0x2 Core/Src/stm32f4xx_it.o
                0x00000000080014d0                MemManage_Handler
 .text.BusFault_Handler
                0x00000000080014d2        0x2 Core/Src/stm32f4xx_it.o
                0x00000000080014d2                BusFault_Handler
 .text.UsageFault_Handler
                0x00000000080014d4        0x2 Core/Src/stm32f4xx_it.o
                0x00000000080014d4                UsageFault_Handler
 .text.SVC_Handler
                0x00000000080014d6        0x2 Core/Src/stm32f4xx_it.o
                0x00000000080014d6                SVC_Handler
 .text.DebugMon_Handler
                0x00000000080014d8        0x2 Core/Src/stm32f4xx_it.o
                0x00000000080014d8                DebugMon_Handler
 .text.PendSV_Handler
                0x00000000080014da        0x2 Core/Src/stm32f4xx_it.o
                0x00000000080014da                PendSV_Handler
 .text.SysTick_Handler
                0x00000000080014dc        0x4 Core/Src/stm32f4xx_it.o
                0x00000000080014dc                SysTick_Handler
 .text.EXTI0_IRQHandler
                0x00000000080014e0        0x6 Core/Src/stm32f4xx_it.o
                0x00000000080014e0                EXTI0_IRQHandler
 .text.EXTI1_IRQHandler
                0x00000000080014e6        0x6 Core/Src/stm32f4xx_it.o
                0x00000000080014e6                EXTI1_IRQHandler
 .text.DMA1_Stream6_IRQHandler
                0x00000000080014ec        0xc Core/Src/stm32f4xx_it.o
                0x00000000080014ec                DMA1_Stream6_IRQHandler
 .text._sbrk    0x00000000080014f8       0x40 Core/Src/sysmem.o
                0x00000000080014f8                _sbrk
 .text.SystemInit
                0x0000000008001538       0x14 Core/Src/system_stm32f4xx.o
                0x0000000008001538                SystemInit
 .text.MX_USART2_UART_Init
                0x000000000800154c       0x38 Core/Src/usart.o
                0x000000000800154c                MX_USART2_UART_Init
 .text.HAL_UART_MspInit
                0x0000000008001584       0xa8 Core/Src/usart.o
                0x0000000008001584                HAL_UART_MspInit
 .text.Reset_Handler
                0x000000000800162c       0x50 Core/Startup/startup_stm32f407vgtx.o
                0x000000000800162c                Reset_Handler
 .text.Default_Handler
                0x000000000800167c        0x2 Core/Startup/startup_stm32f407vgtx.o
                0x000000000800167c                RTC_Alarm_IRQHandler
                0x000000000800167c                HASH_RNG_IRQHandler
                0x000000000800167c                EXTI2_IRQHandler
                0x000000000800167c                TIM8_CC_IRQHandler
                0x000000000800167c                TIM1_CC_IRQHandler
                0x000000000800167c                DMA2_Stream5_IRQHandler
                0x000000000800167c                DMA1_Stream5_IRQHandler
                0x000000000800167c                PVD_IRQHandler
                0x000000000800167c                SDIO_IRQHandler
                0x000000000800167c                TAMP_STAMP_IRQHandler
                0x000000000800167c                CAN2_RX1_IRQHandler
                0x000000000800167c                EXTI3_IRQHandler
                0x000000000800167c                TIM8_TRG_COM_TIM14_IRQHandler
                0x000000000800167c                TIM1_UP_TIM10_IRQHandler
                0x000000000800167c                TIM8_UP_TIM13_IRQHandler
                0x000000000800167c                I2C3_ER_IRQHandler
                0x000000000800167c                I2C2_EV_IRQHandler
                0x000000000800167c                DMA1_Stream2_IRQHandler
                0x000000000800167c                CAN1_RX0_IRQHandler
                0x000000000800167c                FPU_IRQHandler
                0x000000000800167c                OTG_HS_WKUP_IRQHandler
                0x000000000800167c                CAN2_SCE_IRQHandler
                0x000000000800167c                DMA2_Stream2_IRQHandler
                0x000000000800167c                SPI1_IRQHandler
                0x000000000800167c                TIM6_DAC_IRQHandler
                0x000000000800167c                TIM1_BRK_TIM9_IRQHandler
                0x000000000800167c                DCMI_IRQHandler
                0x000000000800167c                CAN2_RX0_IRQHandler
                0x000000000800167c                DMA2_Stream3_IRQHandler
                0x000000000800167c                USART6_IRQHandler
                0x000000000800167c                USART3_IRQHandler
                0x000000000800167c                CAN1_RX1_IRQHandler
                0x000000000800167c                UART5_IRQHandler
                0x000000000800167c                DMA2_Stream0_IRQHandler
                0x000000000800167c                TIM4_IRQHandler
                0x000000000800167c                I2C1_EV_IRQHandler
                0x000000000800167c                DMA1_Stream1_IRQHandler
                0x000000000800167c                UART4_IRQHandler
                0x000000000800167c                TIM3_IRQHandler
                0x000000000800167c                RCC_IRQHandler
                0x000000000800167c                TIM8_BRK_TIM12_IRQHandler
                0x000000000800167c                Default_Handler
                0x000000000800167c                EXTI15_10_IRQHandler
                0x000000000800167c                ADC_IRQHandler
                0x000000000800167c                DMA1_Stream7_IRQHandler
                0x000000000800167c                TIM7_IRQHandler
                0x000000000800167c                CAN2_TX_IRQHandler
                0x000000000800167c                TIM5_IRQHandler
                0x000000000800167c                DMA2_Stream7_IRQHandler
                0x000000000800167c                I2C3_EV_IRQHandler
                0x000000000800167c                EXTI9_5_IRQHandler
                0x000000000800167c                RTC_WKUP_IRQHandler
                0x000000000800167c                ETH_WKUP_IRQHandler
                0x000000000800167c                SPI2_IRQHandler
                0x000000000800167c                OTG_HS_EP1_IN_IRQHandler
                0x000000000800167c                DMA1_Stream0_IRQHandler
                0x000000000800167c                CAN1_TX_IRQHandler
                0x000000000800167c                EXTI4_IRQHandler
                0x000000000800167c                FSMC_IRQHandler
                0x000000000800167c                ETH_IRQHandler
                0x000000000800167c                OTG_HS_EP1_OUT_IRQHandler
                0x000000000800167c                WWDG_IRQHandler
                0x000000000800167c                TIM2_IRQHandler
                0x000000000800167c                OTG_FS_WKUP_IRQHandler
                0x000000000800167c                TIM1_TRG_COM_TIM11_IRQHandler
                0x000000000800167c                OTG_HS_IRQHandler
                0x000000000800167c                USART2_IRQHandler
                0x000000000800167c                I2C2_ER_IRQHandler
                0x000000000800167c                DMA2_Stream1_IRQHandler
                0x000000000800167c                CAN1_SCE_IRQHandler
                0x000000000800167c                FLASH_IRQHandler
                0x000000000800167c                DMA2_Stream4_IRQHandler
                0x000000000800167c                USART1_IRQHandler
                0x000000000800167c                OTG_FS_IRQHandler
                0x000000000800167c                SPI3_IRQHandler
                0x000000000800167c                DMA1_Stream4_IRQHandler
                0x000000000800167c                I2C1_ER_IRQHandler
                0x000000000800167c                DMA2_Stream6_IRQHandler
                0x000000000800167c                DMA1_Stream3_IRQHandler
 *fill*         0x000000000800167e        0x2 
 .text.HAL_InitTick
                0x0000000008001680       0x48 Drivers/STM32F4xx_HAL_Driver/Src/stm32f4xx_hal.o
                0x0000000008001680                HAL_InitTick
 .text.HAL_Init
                0x00000000080016c8       0x34 Drivers/STM32F4xx_HAL_Driver/Src/stm32f4xx_hal.o
                0x00000000080016c8                HAL_Init
 .text.HAL_IncTick
                0x00000000080016fc       0x18 Drivers/STM32F4xx_HAL_Driver/Src/stm32f4xx_hal.o
                0x00000000080016fc                HAL_IncTick
 .text.HAL_GetTick
                0x0000000008001714        0xc Drivers/STM32F4xx_HAL_Driver/Src/stm32f4xx_hal.o
                0x0000000008001714                HAL_GetTick
 .text.HAL_Delay
                0x0000000008001720       0x28 Drivers/STM32F4xx_HAL_Driver/Src/stm32f4xx_hal.o
                0x0000000008001720                HAL_Delay
 .text.HAL_NVIC_SetPriorityGrouping
                0x0000000008001748       0x24 Drivers/STM32F4xx_HAL_Driver/Src/stm32f4xx_hal_cortex.o
                0x0000000008001748                HAL_NVIC_SetPriorityGrouping
 .text.HAL_NVIC_SetPriority
                0x000000000800176c       0x64 Drivers/STM32F4xx_HAL_Driver/Src/stm32f4xx_hal_cortex.o
                0x000000000800176c                HAL_NVIC_SetPriority
 .text.HAL_NVIC_EnableIRQ
                0x00000000080017d0       0x1c Drivers/STM32F4xx_HAL_Driver/Src/stm32f4xx_hal_cortex.o
                0x00000000080017d0                HAL_NVIC_EnableIRQ
 .text.HAL_SYSTICK_Config
                0x00000000080017ec       0x2c Drivers/STM32F4xx_HAL_Driver/Src/stm32f4xx_hal_cortex.o
                0x00000000080017ec                HAL_SYSTICK_Config
 .text.HAL_CRC_Init
                0x0000000008001818       0x20 Drivers/STM32F4xx_HAL_Driver/Src/stm32f4xx_hal_crc.o
                0x0000000008001818                HAL_CRC_Init
 .text.DMA_CalcBaseAndBitshift
                0x0000000008001838       0x2c Drivers/STM32F4xx_HAL_Driver/Src/stm32f4xx_hal_dma.o
 .text.HAL_DMA_Init
                0x0000000008001864      0x100 Drivers/STM32F4xx_HAL_Driver/Src/stm32f4xx_hal_dma.o
                0x0000000008001864                HAL_DMA_Init
 .text.HAL_DMA_IRQHandler
                0x0000000008001964      0x17c Drivers/STM32F4xx_HAL_Driver/Src/stm32f4xx_hal_dma.o
                0x0000000008001964                HAL_DMA_IRQHandler
 .text.HAL_GPIO_Init
                0x0000000008001ae0      0x1b4 Drivers/STM32F4xx_HAL_Driver/Src/stm32f4xx_hal_gpio.o
                0x0000000008001ae0                HAL_GPIO_Init
 .text.HAL_GPIO_WritePin
                0x0000000008001c94        0xa Drivers/STM32F4xx_HAL_Driver/Src/stm32f4xx_hal_gpio.o
                0x0000000008001c94                HAL_GPIO_WritePin
 .text.HAL_GPIO_TogglePin
                0x0000000008001c9e       0x12 Drivers/STM32F4xx_HAL_Driver/Src/stm32f4xx_hal_gpio.o
                0x0000000008001c9e                HAL_GPIO_TogglePin
 .text.HAL_GPIO_EXTI_IRQHandler
                0x0000000008001cb0       0x18 Drivers/STM32F4xx_HAL_Driver/Src/stm32f4xx_hal_gpio.o
                0x0000000008001cb0                HAL_GPIO_EXTI_IRQHandler
 .text.HAL_RCC_OscConfig
                0x0000000008001cc8      0x358 Drivers/STM32F4xx_HAL_Driver/Src/stm32f4xx_hal_rcc.o
                0x0000000008001cc8                HAL_RCC_OscConfig
 .text.HAL_RCC_GetSysClockFreq
                0x0000000008002020       0x5c Drivers/STM32F4xx_HAL_Driver/Src/stm32f4xx_hal_rcc.o
                0x0000000008002020                HAL_RCC_GetSysClockFreq
 .text.HAL_RCC_ClockConfig
                0x000000000800207c      0x138 Drivers/STM32F4xx_HAL_Driver/Src/stm32f4xx_hal_rcc.o
                0x000000000800207c                HAL_RCC_ClockConfig
 .text.HAL_RCC_GetPCLK1Freq
                0x00000000080021b4       0x20 Drivers/STM32F4xx_HAL_Driver/Src/stm32f4xx_hal_rcc.o
                0x00000000080021b4                HAL_RCC_GetPCLK1Freq
 .text.HAL_RCC_GetPCLK2Freq
                0x00000000080021d4       0x20 Drivers/STM32F4xx_HAL_Driver/Src/stm32f4xx_hal_rcc.o
                0x00000000080021d4                HAL_RCC_GetPCLK2Freq
 .text.SPI_WaitFlagStateUntilTimeout.constprop.0
                0x00000000080021f4       0xa8 Drivers/STM32F4xx_HAL_Driver/Src/stm32f4xx_hal_spi.o
 .text.SPI_EndRxTransaction
                0x000000000800229c       0x54 Drivers/STM32F4xx_HAL_Driver/Src/stm32f4xx_hal_spi.o
 .text.SPI_EndRxTxTransaction
                0x00000000080022f0       0x58 Drivers/STM32F4xx_HAL_Driver/Src/stm32f4xx_hal_spi.o
 .text.HAL_SPI_Init
                0x0000000008002348       0xb8 Drivers/STM32F4xx_HAL_Driver/Src/stm32f4xx_hal_spi.o
                0x0000000008002348                HAL_SPI_Init
 .text.HAL_SPI_Transmit
                0x0000000008002400      0x15a Drivers/STM32F4xx_HAL_Driver/Src/stm32f4xx_hal_spi.o
                0x0000000008002400                HAL_SPI_Transmit
 .text.HAL_SPI_TransmitReceive
                0x000000000800255a      0x1de Drivers/STM32F4xx_HAL_Driver/Src/stm32f4xx_hal_spi.o
                0x000000000800255a                HAL_SPI_TransmitReceive
 .text.HAL_SPI_Receive
                0x0000000008002738      0x138 Drivers/STM32F4xx_HAL_Driver/Src/stm32f4xx_hal_spi.o
                0x0000000008002738                HAL_SPI_Receive
 .text.UART_SetConfig
                0x0000000008002870       0xbc Drivers/STM32F4xx_HAL_Driver/Src/stm32f4xx_hal_uart.o
 .text.UART_WaitOnFlagUntilTimeout.constprop.0
                0x000000000800292c       0x50 Drivers/STM32F4xx_HAL_Driver/Src/stm32f4xx_hal_uart.o
 .text.HAL_UART_Init
                0x000000000800297c       0x5c Drivers/STM32F4xx_HAL_Driver/Src/stm32f4xx_hal_uart.o
                0x000000000800297c                HAL_UART_Init
 .text.HAL_UART_Transmit
                0x00000000080029d8       0xaa Drivers/STM32F4xx_HAL_Driver/Src/stm32f4xx_hal_uart.o
                0x00000000080029d8                HAL_UART_Transmit
 .text.ai_network_get_error
                0x0000000008002a82        0x4 X-CUBE-AI/App/network.o
                0x0000000008002a82                ai_network_get_error
 *fill*         0x0000000008002a86        0x2 
 .text.ai_network_create
                0x0000000008002a88       0x1c X-CUBE-AI/App/network.o
                0x0000000008002a88                ai_network_create
 .text.ai_network_init
                0x0000000008002aa4      0x130 X-CUBE-AI/App/network.o
                0x0000000008002aa4                ai_network_init
 .text.ai_network_run
                0x0000000008002bd4        0x4 X-CUBE-AI/App/network.o
                0x0000000008002bd4                ai_network_run
 .text.ai_network_data_weights_get
                0x0000000008002bd8        0x8 X-CUBE-AI/App/network_data.o
                0x0000000008002bd8                ai_network_data_weights_get
 .text.unlikely._platform_network_state_setup.isra.1
                0x0000000008002be0       0x3e ../Middlewares/ST/AI/Lib\NetworkRuntime600_CM4_GCC.a(ai_platform_interface.o)
 *fill*         0x0000000008002c1e        0x2 
 .text.ai_platform_network_get_error
                0x0000000008002c20       0x64 ../Middlewares/ST/AI/Lib\NetworkRuntime600_CM4_GCC.a(ai_platform_interface.o)
                0x0000000008002c20                ai_platform_network_get_error
 .text.ai_platform_network_create
                0x0000000008002c84       0xe4 ../Middlewares/ST/AI/Lib\NetworkRuntime600_CM4_GCC.a(ai_platform_interface.o)
                0x0000000008002c84                ai_platform_network_create
 .text.ai_platform_network_init
                0x0000000008002d68       0xe4 ../Middlewares/ST/AI/Lib\NetworkRuntime600_CM4_GCC.a(ai_platform_interface.o)
                0x0000000008002d68                ai_platform_network_init
 .text.ai_platform_network_post_init
                0x0000000008002e4c       0x98 ../Middlewares/ST/AI/Lib\NetworkRuntime600_CM4_GCC.a(ai_platform_interface.o)
                0x0000000008002e4c                ai_platform_network_post_init
 .text.ai_platform_network_process
                0x0000000008002ee4      0x414 ../Middlewares/ST/AI/Lib\NetworkRuntime600_CM4_GCC.a(ai_platform_interface.o)
                0x0000000008002ee4                ai_platform_network_process
 .text.core_init
                0x00000000080032f8        0x4 ../Middlewares/ST/AI/Lib\NetworkRuntime600_CM4_GCC.a(core_common.o)
                0x00000000080032f8                core_init
 .text.core_get_error
                0x00000000080032fc        0xc ../Middlewares/ST/AI/Lib\NetworkRuntime600_CM4_GCC.a(core_common.o)
                0x00000000080032fc                core_get_error
 .text.core_set_error
                0x0000000008003308       0x18 ../Middlewares/ST/AI/Lib\NetworkRuntime600_CM4_GCC.a(core_common.o)
                0x0000000008003308                core_set_error
 .text.func_dummy
                0x0000000008003320        0x4 ../Middlewares/ST/AI/Lib\NetworkRuntime600_CM4_GCC.a(layers_conv2d_generic_float.o)
 .text.ai_dict8_dot_array_f32
                0x0000000008003324      0x19c ../Middlewares/ST/AI/Lib\NetworkRuntime600_CM4_GCC.a(layers_conv2d_generic_float.o)
                0x0000000008003324                ai_dict8_dot_array_f32
 .text.ai_dict4_dot_array_f32
                0x00000000080034c0      0x17c ../Middlewares/ST/AI/Lib\NetworkRuntime600_CM4_GCC.a(layers_conv2d_generic_float.o)
                0x00000000080034c0                ai_dict4_dot_array_f32
 .text.ai_dict_decompress_f32
                0x000000000800363c       0xa0 ../Middlewares/ST/AI/Lib\NetworkRuntime600_CM4_GCC.a(layers_conv2d_generic_float.o)
                0x000000000800363c                ai_dict_decompress_f32
 .text.forward_conv2d
                0x00000000080036dc      0xfa4 ../Middlewares/ST/AI/Lib\NetworkRuntime600_CM4_GCC.a(layers_conv2d_generic_float.o)
                0x00000000080036dc                forward_conv2d
 .text.forward_conv2d_nl_pool
                0x0000000008004680     0x1270 ../Middlewares/ST/AI/Lib\NetworkRuntime600_CM4_GCC.a(layers_conv2d_generic_float.o)
                0x0000000008004680                forward_conv2d_nl_pool
 .text.forward_dense
                0x00000000080058f0      0x450 ../Middlewares/ST/AI/Lib\NetworkRuntime600_CM4_GCC.a(layers_conv2d_generic_float.o)
                0x00000000080058f0                forward_dense
 .text.nl_func_relu_array_f32
                0x0000000008005d40       0x50 ../Middlewares/ST/AI/Lib\NetworkRuntime600_CM4_GCC.a(layers_nl_generic_float.o)
                0x0000000008005d40                nl_func_relu_array_f32
 .text.nl_func_sm_array_f32
                0x0000000008005d90      0x100 ../Middlewares/ST/AI/Lib\NetworkRuntime600_CM4_GCC.a(layers_nl_generic_float.o)
                0x0000000008005d90                nl_func_sm_array_f32
 .text.nl_func_relu_generic_array_f32
                0x0000000008005e90       0xfc ../Middlewares/ST/AI/Lib\NetworkRuntime600_CM4_GCC.a(layers_nl_generic_float.o)
                0x0000000008005e90                nl_func_relu_generic_array_f32
 .text.forward_relu
                0x0000000008005f8c      0x124 ../Middlewares/ST/AI/Lib\NetworkRuntime600_CM4_GCC.a(layers_nl_generic_float.o)
                0x0000000008005f8c                forward_relu
 .text.forward_sm
                0x00000000080060b0       0x64 ../Middlewares/ST/AI/Lib\NetworkRuntime600_CM4_GCC.a(layers_nl_generic_float.o)
                0x00000000080060b0                forward_sm
 .text.pool_func_mp_array_f32
                0x0000000008006114      0x2b8 ../Middlewares/ST/AI/Lib\NetworkRuntime600_CM4_GCC.a(layers_pool_generic_float.o)
                0x0000000008006114                pool_func_mp_array_f32
 .text.ai_check_custom_types
                0x00000000080063cc       0x54 ../Middlewares/ST/AI/Lib\NetworkRuntime600_CM4_GCC.a(layers.o)
                0x00000000080063cc                ai_check_custom_types
 .text.ai_layers_init_all
                0x0000000008006420       0x28 ../Middlewares/ST/AI/Lib\NetworkRuntime600_CM4_GCC.a(layers.o)
                0x0000000008006420                ai_layers_init_all
 .text.ai_layers_post_init_all
                0x0000000008006448       0x30 ../Middlewares/ST/AI/Lib\NetworkRuntime600_CM4_GCC.a(layers.o)
                0x0000000008006448                ai_layers_post_init_all
 .text.ai_layers_forward_all
                0x0000000008006478       0x9c ../Middlewares/ST/AI/Lib\NetworkRuntime600_CM4_GCC.a(layers.o)
                0x0000000008006478                ai_layers_forward_all
 .text.ai_array_to_buffer_fmt
                0x0000000008006514       0x98 ../Middlewares/ST/AI/Lib\NetworkRuntime600_CM4_GCC.a(ai_datatypes_format.o)
                0x0000000008006514                ai_array_to_buffer_fmt
 .text.ai_array_get_byte_size
                0x00000000080065ac       0x44 ../Middlewares/ST/AI/Lib\NetworkRuntime600_CM4_GCC.a(ai_datatypes_format.o)
                0x00000000080065ac                ai_array_get_byte_size
 .text.__errno  0x00000000080065f0        0xc c:/st/stm32cubeide_1.5.0/stm32cubeide/plugins/com.st.stm32cube.ide.mcu.externaltools.gnu-tools-for-stm32.9-2020-q2-update.win32_1.5.0.202011040924/tools/bin/../lib/gcc/arm-none-eabi/9.3.1/../../../../arm-none-eabi/lib/thumb/v7e-m+fp/hard\libc_nano.a(lib_a-errno.o)
                0x00000000080065f0                __errno
 .text.__libc_init_array
                0x00000000080065fc       0x48 c:/st/stm32cubeide_1.5.0/stm32cubeide/plugins/com.st.stm32cube.ide.mcu.externaltools.gnu-tools-for-stm32.9-2020-q2-update.win32_1.5.0.202011040924/tools/bin/../lib/gcc/arm-none-eabi/9.3.1/../../../../arm-none-eabi/lib/thumb/v7e-m+fp/hard\libc_nano.a(lib_a-init.o)
                0x00000000080065fc                __libc_init_array
 .text.malloc   0x0000000008006644       0x10 c:/st/stm32cubeide_1.5.0/stm32cubeide/plugins/com.st.stm32cube.ide.mcu.externaltools.gnu-tools-for-stm32.9-2020-q2-update.win32_1.5.0.202011040924/tools/bin/../lib/gcc/arm-none-eabi/9.3.1/../../../../arm-none-eabi/lib/thumb/v7e-m+fp/hard\libc_nano.a(lib_a-malloc.o)
                0x0000000008006644                malloc
 .text.memcpy   0x0000000008006654       0x1c c:/st/stm32cubeide_1.5.0/stm32cubeide/plugins/com.st.stm32cube.ide.mcu.externaltools.gnu-tools-for-stm32.9-2020-q2-update.win32_1.5.0.202011040924/tools/bin/../lib/gcc/arm-none-eabi/9.3.1/../../../../arm-none-eabi/lib/thumb/v7e-m+fp/hard\libc_nano.a(lib_a-memcpy-stub.o)
                0x0000000008006654                memcpy
 .text.memset   0x0000000008006670       0x10 c:/st/stm32cubeide_1.5.0/stm32cubeide/plugins/com.st.stm32cube.ide.mcu.externaltools.gnu-tools-for-stm32.9-2020-q2-update.win32_1.5.0.202011040924/tools/bin/../lib/gcc/arm-none-eabi/9.3.1/../../../../arm-none-eabi/lib/thumb/v7e-m+fp/hard\libc_nano.a(lib_a-memset.o)
                0x0000000008006670                memset
 .text._free_r  0x0000000008006680       0xa0 c:/st/stm32cubeide_1.5.0/stm32cubeide/plugins/com.st.stm32cube.ide.mcu.externaltools.gnu-tools-for-stm32.9-2020-q2-update.win32_1.5.0.202011040924/tools/bin/../lib/gcc/arm-none-eabi/9.3.1/../../../../arm-none-eabi/lib/thumb/v7e-m+fp/hard\libc_nano.a(lib_a-nano-freer.o)
                0x0000000008006680                _free_r
 .text._malloc_r
                0x0000000008006720       0xb4 c:/st/stm32cubeide_1.5.0/stm32cubeide/plugins/com.st.stm32cube.ide.mcu.externaltools.gnu-tools-for-stm32.9-2020-q2-update.win32_1.5.0.202011040924/tools/bin/../lib/gcc/arm-none-eabi/9.3.1/../../../../arm-none-eabi/lib/thumb/v7e-m+fp/hard\libc_nano.a(lib_a-nano-mallocr.o)
                0x0000000008006720                _malloc_r
 .text.__cvt    0x00000000080067d4       0xc4 c:/st/stm32cubeide_1.5.0/stm32cubeide/plugins/com.st.stm32cube.ide.mcu.externaltools.gnu-tools-for-stm32.9-2020-q2-update.win32_1.5.0.202011040924/tools/bin/../lib/gcc/arm-none-eabi/9.3.1/../../../../arm-none-eabi/lib/thumb/v7e-m+fp/hard\libc_nano.a(lib_a-nano-vfprintf_float.o)
                0x00000000080067d4                __cvt
 .text.__exponent
                0x0000000008006898       0x7c c:/st/stm32cubeide_1.5.0/stm32cubeide/plugins/com.st.stm32cube.ide.mcu.externaltools.gnu-tools-for-stm32.9-2020-q2-update.win32_1.5.0.202011040924/tools/bin/../lib/gcc/arm-none-eabi/9.3.1/../../../../arm-none-eabi/lib/thumb/v7e-m+fp/hard\libc_nano.a(lib_a-nano-vfprintf_float.o)
                0x0000000008006898                __exponent
 .text._printf_float
                0x0000000008006914      0x46c c:/st/stm32cubeide_1.5.0/stm32cubeide/plugins/com.st.stm32cube.ide.mcu.externaltools.gnu-tools-for-stm32.9-2020-q2-update.win32_1.5.0.202011040924/tools/bin/../lib/gcc/arm-none-eabi/9.3.1/../../../../arm-none-eabi/lib/thumb/v7e-m+fp/hard\libc_nano.a(lib_a-nano-vfprintf_float.o)
                0x0000000008006914                _printf_float
 .text._printf_common
                0x0000000008006d80       0xda c:/st/stm32cubeide_1.5.0/stm32cubeide/plugins/com.st.stm32cube.ide.mcu.externaltools.gnu-tools-for-stm32.9-2020-q2-update.win32_1.5.0.202011040924/tools/bin/../lib/gcc/arm-none-eabi/9.3.1/../../../../arm-none-eabi/lib/thumb/v7e-m+fp/hard\libc_nano.a(lib_a-nano-vfprintf_i.o)
                0x0000000008006d80                _printf_common
 *fill*         0x0000000008006e5a        0x2 
 .text._printf_i
                0x0000000008006e5c      0x24c c:/st/stm32cubeide_1.5.0/stm32cubeide/plugins/com.st.stm32cube.ide.mcu.externaltools.gnu-tools-for-stm32.9-2020-q2-update.win32_1.5.0.202011040924/tools/bin/../lib/gcc/arm-none-eabi/9.3.1/../../../../arm-none-eabi/lib/thumb/v7e-m+fp/hard\libc_nano.a(lib_a-nano-vfprintf_i.o)
                0x0000000008006e5c                _printf_i
 .text.printf   0x00000000080070a8       0x30 c:/st/stm32cubeide_1.5.0/stm32cubeide/plugins/com.st.stm32cube.ide.mcu.externaltools.gnu-tools-for-stm32.9-2020-q2-update.win32_1.5.0.202011040924/tools/bin/../lib/gcc/arm-none-eabi/9.3.1/../../../../arm-none-eabi/lib/thumb/v7e-m+fp/hard\libc_nano.a(lib_a-printf.o)
                0x00000000080070a8                iprintf
                0x00000000080070a8                printf
 .text._sbrk_r  0x00000000080070d8       0x20 c:/st/stm32cubeide_1.5.0/stm32cubeide/plugins/com.st.stm32cube.ide.mcu.externaltools.gnu-tools-for-stm32.9-2020-q2-update.win32_1.5.0.202011040924/tools/bin/../lib/gcc/arm-none-eabi/9.3.1/../../../../arm-none-eabi/lib/thumb/v7e-m+fp/hard\libc_nano.a(lib_a-sbrkr.o)
                0x00000000080070d8                _sbrk_r
 .text.quorem   0x00000000080070f8      0x116 c:/st/stm32cubeide_1.5.0/stm32cubeide/plugins/com.st.stm32cube.ide.mcu.externaltools.gnu-tools-for-stm32.9-2020-q2-update.win32_1.5.0.202011040924/tools/bin/../lib/gcc/arm-none-eabi/9.3.1/../../../../arm-none-eabi/lib/thumb/v7e-m+fp/hard\libc_nano.a(lib_a-dtoa.o)
 *fill*         0x000000000800720e        0x2 
 .text._dtoa_r  0x0000000008007210      0xbd8 c:/st/stm32cubeide_1.5.0/stm32cubeide/plugins/com.st.stm32cube.ide.mcu.externaltools.gnu-tools-for-stm32.9-2020-q2-update.win32_1.5.0.202011040924/tools/bin/../lib/gcc/arm-none-eabi/9.3.1/../../../../arm-none-eabi/lib/thumb/v7e-m+fp/hard\libc_nano.a(lib_a-dtoa.o)
                0x0000000008007210                _dtoa_r
 .text.std      0x0000000008007de8       0x48 c:/st/stm32cubeide_1.5.0/stm32cubeide/plugins/com.st.stm32cube.ide.mcu.externaltools.gnu-tools-for-stm32.9-2020-q2-update.win32_1.5.0.202011040924/tools/bin/../lib/gcc/arm-none-eabi/9.3.1/../../../../arm-none-eabi/lib/thumb/v7e-m+fp/hard\libc_nano.a(lib_a-findfp.o)
 .text._cleanup_r
                0x0000000008007e30        0xc c:/st/stm32cubeide_1.5.0/stm32cubeide/plugins/com.st.stm32cube.ide.mcu.externaltools.gnu-tools-for-stm32.9-2020-q2-update.win32_1.5.0.202011040924/tools/bin/../lib/gcc/arm-none-eabi/9.3.1/../../../../arm-none-eabi/lib/thumb/v7e-m+fp/hard\libc_nano.a(lib_a-findfp.o)
                0x0000000008007e30                _cleanup_r
 .text.__sfmoreglue
                0x0000000008007e3c       0x2c c:/st/stm32cubeide_1.5.0/stm32cubeide/plugins/com.st.stm32cube.ide.mcu.externaltools.gnu-tools-for-stm32.9-2020-q2-update.win32_1.5.0.202011040924/tools/bin/../lib/gcc/arm-none-eabi/9.3.1/../../../../arm-none-eabi/lib/thumb/v7e-m+fp/hard\libc_nano.a(lib_a-findfp.o)
                0x0000000008007e3c                __sfmoreglue
 .text.__sfp_lock_acquire
                0x0000000008007e68        0xc c:/st/stm32cubeide_1.5.0/stm32cubeide/plugins/com.st.stm32cube.ide.mcu.externaltools.gnu-tools-for-stm32.9-2020-q2-update.win32_1.5.0.202011040924/tools/bin/../lib/gcc/arm-none-eabi/9.3.1/../../../../arm-none-eabi/lib/thumb/v7e-m+fp/hard\libc_nano.a(lib_a-findfp.o)
                0x0000000008007e68                __sfp_lock_acquire
 .text.__sfp_lock_release
                0x0000000008007e74        0xc c:/st/stm32cubeide_1.5.0/stm32cubeide/plugins/com.st.stm32cube.ide.mcu.externaltools.gnu-tools-for-stm32.9-2020-q2-update.win32_1.5.0.202011040924/tools/bin/../lib/gcc/arm-none-eabi/9.3.1/../../../../arm-none-eabi/lib/thumb/v7e-m+fp/hard\libc_nano.a(lib_a-findfp.o)
                0x0000000008007e74                __sfp_lock_release
 .text.__sinit_lock_acquire
                0x0000000008007e80        0xc c:/st/stm32cubeide_1.5.0/stm32cubeide/plugins/com.st.stm32cube.ide.mcu.externaltools.gnu-tools-for-stm32.9-2020-q2-update.win32_1.5.0.202011040924/tools/bin/../lib/gcc/arm-none-eabi/9.3.1/../../../../arm-none-eabi/lib/thumb/v7e-m+fp/hard\libc_nano.a(lib_a-findfp.o)
                0x0000000008007e80                __sinit_lock_acquire
 .text.__sinit_lock_release
                0x0000000008007e8c        0xc c:/st/stm32cubeide_1.5.0/stm32cubeide/plugins/com.st.stm32cube.ide.mcu.externaltools.gnu-tools-for-stm32.9-2020-q2-update.win32_1.5.0.202011040924/tools/bin/../lib/gcc/arm-none-eabi/9.3.1/../../../../arm-none-eabi/lib/thumb/v7e-m+fp/hard\libc_nano.a(lib_a-findfp.o)
                0x0000000008007e8c                __sinit_lock_release
 .text.__sinit  0x0000000008007e98       0x70 c:/st/stm32cubeide_1.5.0/stm32cubeide/plugins/com.st.stm32cube.ide.mcu.externaltools.gnu-tools-for-stm32.9-2020-q2-update.win32_1.5.0.202011040924/tools/bin/../lib/gcc/arm-none-eabi/9.3.1/../../../../arm-none-eabi/lib/thumb/v7e-m+fp/hard\libc_nano.a(lib_a-findfp.o)
                0x0000000008007e98                __sinit
 .text.__sfp    0x0000000008007f08       0x8c c:/st/stm32cubeide_1.5.0/stm32cubeide/plugins/com.st.stm32cube.ide.mcu.externaltools.gnu-tools-for-stm32.9-2020-q2-update.win32_1.5.0.202011040924/tools/bin/../lib/gcc/arm-none-eabi/9.3.1/../../../../arm-none-eabi/lib/thumb/v7e-m+fp/hard\libc_nano.a(lib_a-findfp.o)
                0x0000000008007f08                __sfp
 .text._fwalk_reent
                0x0000000008007f94       0x3e c:/st/stm32cubeide_1.5.0/stm32cubeide/plugins/com.st.stm32cube.ide.mcu.externaltools.gnu-tools-for-stm32.9-2020-q2-update.win32_1.5.0.202011040924/tools/bin/../lib/gcc/arm-none-eabi/9.3.1/../../../../arm-none-eabi/lib/thumb/v7e-m+fp/hard\libc_nano.a(lib_a-fwalk.o)
                0x0000000008007f94                _fwalk_reent
 *fill*         0x0000000008007fd2        0x2 
 .text._localeconv_r
                0x0000000008007fd4        0x8 c:/st/stm32cubeide_1.5.0/stm32cubeide/plugins/com.st.stm32cube.ide.mcu.externaltools.gnu-tools-for-stm32.9-2020-q2-update.win32_1.5.0.202011040924/tools/bin/../lib/gcc/arm-none-eabi/9.3.1/../../../../arm-none-eabi/lib/thumb/v7e-m+fp/hard\libc_nano.a(lib_a-localeconv.o)
                0x0000000008007fd4                _localeconv_r
 .text.__retarget_lock_init_recursive
                0x0000000008007fdc        0x2 c:/st/stm32cubeide_1.5.0/stm32cubeide/plugins/com.st.stm32cube.ide.mcu.externaltools.gnu-tools-for-stm32.9-2020-q2-update.win32_1.5.0.202011040924/tools/bin/../lib/gcc/arm-none-eabi/9.3.1/../../../../arm-none-eabi/lib/thumb/v7e-m+fp/hard\libc_nano.a(lib_a-lock.o)
                0x0000000008007fdc                __retarget_lock_init_recursive
 .text.__retarget_lock_acquire_recursive
                0x0000000008007fde        0x2 c:/st/stm32cubeide_1.5.0/stm32cubeide/plugins/com.st.stm32cube.ide.mcu.externaltools.gnu-tools-for-stm32.9-2020-q2-update.win32_1.5.0.202011040924/tools/bin/../lib/gcc/arm-none-eabi/9.3.1/../../../../arm-none-eabi/lib/thumb/v7e-m+fp/hard\libc_nano.a(lib_a-lock.o)
                0x0000000008007fde                __retarget_lock_acquire_recursive
 .text.__retarget_lock_release_recursive
                0x0000000008007fe0        0x2 c:/st/stm32cubeide_1.5.0/stm32cubeide/plugins/com.st.stm32cube.ide.mcu.externaltools.gnu-tools-for-stm32.9-2020-q2-update.win32_1.5.0.202011040924/tools/bin/../lib/gcc/arm-none-eabi/9.3.1/../../../../arm-none-eabi/lib/thumb/v7e-m+fp/hard\libc_nano.a(lib_a-lock.o)
                0x0000000008007fe0                __retarget_lock_release_recursive
 *fill*         0x0000000008007fe2        0x2 
 .text.__malloc_lock
                0x0000000008007fe4        0xc c:/st/stm32cubeide_1.5.0/stm32cubeide/plugins/com.st.stm32cube.ide.mcu.externaltools.gnu-tools-for-stm32.9-2020-q2-update.win32_1.5.0.202011040924/tools/bin/../lib/gcc/arm-none-eabi/9.3.1/../../../../arm-none-eabi/lib/thumb/v7e-m+fp/hard\libc_nano.a(lib_a-mlock.o)
                0x0000000008007fe4                __malloc_lock
 .text.__malloc_unlock
                0x0000000008007ff0        0xc c:/st/stm32cubeide_1.5.0/stm32cubeide/plugins/com.st.stm32cube.ide.mcu.externaltools.gnu-tools-for-stm32.9-2020-q2-update.win32_1.5.0.202011040924/tools/bin/../lib/gcc/arm-none-eabi/9.3.1/../../../../arm-none-eabi/lib/thumb/v7e-m+fp/hard\libc_nano.a(lib_a-mlock.o)
                0x0000000008007ff0                __malloc_unlock
 .text._Balloc  0x0000000008007ffc       0x80 c:/st/stm32cubeide_1.5.0/stm32cubeide/plugins/com.st.stm32cube.ide.mcu.externaltools.gnu-tools-for-stm32.9-2020-q2-update.win32_1.5.0.202011040924/tools/bin/../lib/gcc/arm-none-eabi/9.3.1/../../../../arm-none-eabi/lib/thumb/v7e-m+fp/hard\libc_nano.a(lib_a-mprec.o)
                0x0000000008007ffc                _Balloc
 .text._Bfree   0x000000000800807c       0x44 c:/st/stm32cubeide_1.5.0/stm32cubeide/plugins/com.st.stm32cube.ide.mcu.externaltools.gnu-tools-for-stm32.9-2020-q2-update.win32_1.5.0.202011040924/tools/bin/../lib/gcc/arm-none-eabi/9.3.1/../../../../arm-none-eabi/lib/thumb/v7e-m+fp/hard\libc_nano.a(lib_a-mprec.o)
                0x000000000800807c                _Bfree
 .text.__multadd
                0x00000000080080c0       0x94 c:/st/stm32cubeide_1.5.0/stm32cubeide/plugins/com.st.stm32cube.ide.mcu.externaltools.gnu-tools-for-stm32.9-2020-q2-update.win32_1.5.0.202011040924/tools/bin/../lib/gcc/arm-none-eabi/9.3.1/../../../../arm-none-eabi/lib/thumb/v7e-m+fp/hard\libc_nano.a(lib_a-mprec.o)
                0x00000000080080c0                __multadd
 .text.__hi0bits
                0x0000000008008154       0x40 c:/st/stm32cubeide_1.5.0/stm32cubeide/plugins/com.st.stm32cube.ide.mcu.externaltools.gnu-tools-for-stm32.9-2020-q2-update.win32_1.5.0.202011040924/tools/bin/../lib/gcc/arm-none-eabi/9.3.1/../../../../arm-none-eabi/lib/thumb/v7e-m+fp/hard\libc_nano.a(lib_a-mprec.o)
                0x0000000008008154                __hi0bits
 .text.__lo0bits
                0x0000000008008194       0x60 c:/st/stm32cubeide_1.5.0/stm32cubeide/plugins/com.st.stm32cube.ide.mcu.externaltools.gnu-tools-for-stm32.9-2020-q2-update.win32_1.5.0.202011040924/tools/bin/../lib/gcc/arm-none-eabi/9.3.1/../../../../arm-none-eabi/lib/thumb/v7e-m+fp/hard\libc_nano.a(lib_a-mprec.o)
                0x0000000008008194                __lo0bits
 .text.__i2b    0x00000000080081f4       0x2c c:/st/stm32cubeide_1.5.0/stm32cubeide/plugins/com.st.stm32cube.ide.mcu.externaltools.gnu-tools-for-stm32.9-2020-q2-update.win32_1.5.0.202011040924/tools/bin/../lib/gcc/arm-none-eabi/9.3.1/../../../../arm-none-eabi/lib/thumb/v7e-m+fp/hard\libc_nano.a(lib_a-mprec.o)
                0x00000000080081f4                __i2b
 .text.__multiply
                0x0000000008008220      0x14c c:/st/stm32cubeide_1.5.0/stm32cubeide/plugins/com.st.stm32cube.ide.mcu.externaltools.gnu-tools-for-stm32.9-2020-q2-update.win32_1.5.0.202011040924/tools/bin/../lib/gcc/arm-none-eabi/9.3.1/../../../../arm-none-eabi/lib/thumb/v7e-m+fp/hard\libc_nano.a(lib_a-mprec.o)
                0x0000000008008220                __multiply
 .text.__pow5mult
                0x000000000800836c       0xb4 c:/st/stm32cubeide_1.5.0/stm32cubeide/plugins/com.st.stm32cube.ide.mcu.externaltools.gnu-tools-for-stm32.9-2020-q2-update.win32_1.5.0.202011040924/tools/bin/../lib/gcc/arm-none-eabi/9.3.1/../../../../arm-none-eabi/lib/thumb/v7e-m+fp/hard\libc_nano.a(lib_a-mprec.o)
                0x000000000800836c                __pow5mult
 .text.__lshift
                0x0000000008008420       0xd8 c:/st/stm32cubeide_1.5.0/stm32cubeide/plugins/com.st.stm32cube.ide.mcu.externaltools.gnu-tools-for-stm32.9-2020-q2-update.win32_1.5.0.202011040924/tools/bin/../lib/gcc/arm-none-eabi/9.3.1/../../../../arm-none-eabi/lib/thumb/v7e-m+fp/hard\libc_nano.a(lib_a-mprec.o)
                0x0000000008008420                __lshift
 .text.__mcmp   0x00000000080084f8       0x38 c:/st/stm32cubeide_1.5.0/stm32cubeide/plugins/com.st.stm32cube.ide.mcu.externaltools.gnu-tools-for-stm32.9-2020-q2-update.win32_1.5.0.202011040924/tools/bin/../lib/gcc/arm-none-eabi/9.3.1/../../../../arm-none-eabi/lib/thumb/v7e-m+fp/hard\libc_nano.a(lib_a-mprec.o)
                0x00000000080084f8                __mcmp
 .text.__mdiff  0x0000000008008530      0x110 c:/st/stm32cubeide_1.5.0/stm32cubeide/plugins/com.st.stm32cube.ide.mcu.externaltools.gnu-tools-for-stm32.9-2020-q2-update.win32_1.5.0.202011040924/tools/bin/../lib/gcc/arm-none-eabi/9.3.1/../../../../arm-none-eabi/lib/thumb/v7e-m+fp/hard\libc_nano.a(lib_a-mprec.o)
                0x0000000008008530                __mdiff
 .text.__d2b    0x0000000008008640       0xb8 c:/st/stm32cubeide_1.5.0/stm32cubeide/plugins/com.st.stm32cube.ide.mcu.externaltools.gnu-tools-for-stm32.9-2020-q2-update.win32_1.5.0.202011040924/tools/bin/../lib/gcc/arm-none-eabi/9.3.1/../../../../arm-none-eabi/lib/thumb/v7e-m+fp/hard\libc_nano.a(lib_a-mprec.o)
                0x0000000008008640                __d2b
 .text._calloc_r
                0x00000000080086f8       0x1e c:/st/stm32cubeide_1.5.0/stm32cubeide/plugins/com.st.stm32cube.ide.mcu.externaltools.gnu-tools-for-stm32.9-2020-q2-update.win32_1.5.0.202011040924/tools/bin/../lib/gcc/arm-none-eabi/9.3.1/../../../../arm-none-eabi/lib/thumb/v7e-m+fp/hard\libc_nano.a(lib_a-nano-callocr.o)
                0x00000000080086f8                _calloc_r
 .text.__sfputc_r
                0x0000000008008716       0x2e c:/st/stm32cubeide_1.5.0/stm32cubeide/plugins/com.st.stm32cube.ide.mcu.externaltools.gnu-tools-for-stm32.9-2020-q2-update.win32_1.5.0.202011040924/tools/bin/../lib/gcc/arm-none-eabi/9.3.1/../../../../arm-none-eabi/lib/thumb/v7e-m+fp/hard\libc_nano.a(lib_a-nano-vfprintf.o)
 .text.__sfputs_r
                0x0000000008008744       0x24 c:/st/stm32cubeide_1.5.0/stm32cubeide/plugins/com.st.stm32cube.ide.mcu.externaltools.gnu-tools-for-stm32.9-2020-q2-update.win32_1.5.0.202011040924/tools/bin/../lib/gcc/arm-none-eabi/9.3.1/../../../../arm-none-eabi/lib/thumb/v7e-m+fp/hard\libc_nano.a(lib_a-nano-vfprintf.o)
                0x0000000008008744                __sfputs_r
 .text._vfprintf_r
                0x0000000008008768      0x260 c:/st/stm32cubeide_1.5.0/stm32cubeide/plugins/com.st.stm32cube.ide.mcu.externaltools.gnu-tools-for-stm32.9-2020-q2-update.win32_1.5.0.202011040924/tools/bin/../lib/gcc/arm-none-eabi/9.3.1/../../../../arm-none-eabi/lib/thumb/v7e-m+fp/hard\libc_nano.a(lib_a-nano-vfprintf.o)
                0x0000000008008768                _vfprintf_r
                0x0000000008008768                _vfiprintf_r
 .text.__sread  0x00000000080089c8       0x22 c:/st/stm32cubeide_1.5.0/stm32cubeide/plugins/com.st.stm32cube.ide.mcu.externaltools.gnu-tools-for-stm32.9-2020-q2-update.win32_1.5.0.202011040924/tools/bin/../lib/gcc/arm-none-eabi/9.3.1/../../../../arm-none-eabi/lib/thumb/v7e-m+fp/hard\libc_nano.a(lib_a-stdio.o)
                0x00000000080089c8                __sread
 .text.__swrite
                0x00000000080089ea       0x38 c:/st/stm32cubeide_1.5.0/stm32cubeide/plugins/com.st.stm32cube.ide.mcu.externaltools.gnu-tools-for-stm32.9-2020-q2-update.win32_1.5.0.202011040924/tools/bin/../lib/gcc/arm-none-eabi/9.3.1/../../../../arm-none-eabi/lib/thumb/v7e-m+fp/hard\libc_nano.a(lib_a-stdio.o)
                0x00000000080089ea                __swrite
 .text.__sseek  0x0000000008008a22       0x24 c:/st/stm32cubeide_1.5.0/stm32cubeide/plugins/com.st.stm32cube.ide.mcu.externaltools.gnu-tools-for-stm32.9-2020-q2-update.win32_1.5.0.202011040924/tools/bin/../lib/gcc/arm-none-eabi/9.3.1/../../../../arm-none-eabi/lib/thumb/v7e-m+fp/hard\libc_nano.a(lib_a-stdio.o)
                0x0000000008008a22                __sseek
 .text.__sclose
                0x0000000008008a46        0x8 c:/st/stm32cubeide_1.5.0/stm32cubeide/plugins/com.st.stm32cube.ide.mcu.externaltools.gnu-tools-for-stm32.9-2020-q2-update.win32_1.5.0.202011040924/tools/bin/../lib/gcc/arm-none-eabi/9.3.1/../../../../arm-none-eabi/lib/thumb/v7e-m+fp/hard\libc_nano.a(lib_a-stdio.o)
                0x0000000008008a46                __sclose
 *fill*         0x0000000008008a4e        0x2 
 .text.__swbuf_r
                0x0000000008008a50       0xa4 c:/st/stm32cubeide_1.5.0/stm32cubeide/plugins/com.st.stm32cube.ide.mcu.externaltools.gnu-tools-for-stm32.9-2020-q2-update.win32_1.5.0.202011040924/tools/bin/../lib/gcc/arm-none-eabi/9.3.1/../../../../arm-none-eabi/lib/thumb/v7e-m+fp/hard\libc_nano.a(lib_a-wbuf.o)
                0x0000000008008a50                __swbuf_r
 .text._write_r
                0x0000000008008af4       0x24 c:/st/stm32cubeide_1.5.0/stm32cubeide/plugins/com.st.stm32cube.ide.mcu.externaltools.gnu-tools-for-stm32.9-2020-q2-update.win32_1.5.0.202011040924/tools/bin/../lib/gcc/arm-none-eabi/9.3.1/../../../../arm-none-eabi/lib/thumb/v7e-m+fp/hard\libc_nano.a(lib_a-writer.o)
                0x0000000008008af4                _write_r
 .text.__swsetup_r
                0x0000000008008b18       0xdc c:/st/stm32cubeide_1.5.0/stm32cubeide/plugins/com.st.stm32cube.ide.mcu.externaltools.gnu-tools-for-stm32.9-2020-q2-update.win32_1.5.0.202011040924/tools/bin/../lib/gcc/arm-none-eabi/9.3.1/../../../../arm-none-eabi/lib/thumb/v7e-m+fp/hard\libc_nano.a(lib_a-wsetup.o)
                0x0000000008008b18                __swsetup_r
 .text.__assert_func
                0x0000000008008bf4       0x3c c:/st/stm32cubeide_1.5.0/stm32cubeide/plugins/com.st.stm32cube.ide.mcu.externaltools.gnu-tools-for-stm32.9-2020-q2-update.win32_1.5.0.202011040924/tools/bin/../lib/gcc/arm-none-eabi/9.3.1/../../../../arm-none-eabi/lib/thumb/v7e-m+fp/hard\libc_nano.a(lib_a-assert.o)
                0x0000000008008bf4                __assert_func
 .text._close_r
                0x0000000008008c30       0x20 c:/st/stm32cubeide_1.5.0/stm32cubeide/plugins/com.st.stm32cube.ide.mcu.externaltools.gnu-tools-for-stm32.9-2020-q2-update.win32_1.5.0.202011040924/tools/bin/../lib/gcc/arm-none-eabi/9.3.1/../../../../arm-none-eabi/lib/thumb/v7e-m+fp/hard\libc_nano.a(lib_a-closer.o)
                0x0000000008008c30                _close_r
 .text.__sflush_r
                0x0000000008008c50      0x10c c:/st/stm32cubeide_1.5.0/stm32cubeide/plugins/com.st.stm32cube.ide.mcu.externaltools.gnu-tools-for-stm32.9-2020-q2-update.win32_1.5.0.202011040924/tools/bin/../lib/gcc/arm-none-eabi/9.3.1/../../../../arm-none-eabi/lib/thumb/v7e-m+fp/hard\libc_nano.a(lib_a-fflush.o)
                0x0000000008008c50                __sflush_r
 .text._fflush_r
                0x0000000008008d5c       0x78 c:/st/stm32cubeide_1.5.0/stm32cubeide/plugins/com.st.stm32cube.ide.mcu.externaltools.gnu-tools-for-stm32.9-2020-q2-update.win32_1.5.0.202011040924/tools/bin/../lib/gcc/arm-none-eabi/9.3.1/../../../../arm-none-eabi/lib/thumb/v7e-m+fp/hard\libc_nano.a(lib_a-fflush.o)
                0x0000000008008d5c                _fflush_r
 .text.fprintf  0x0000000008008dd4       0x24 c:/st/stm32cubeide_1.5.0/stm32cubeide/plugins/com.st.stm32cube.ide.mcu.externaltools.gnu-tools-for-stm32.9-2020-q2-update.win32_1.5.0.202011040924/tools/bin/../lib/gcc/arm-none-eabi/9.3.1/../../../../arm-none-eabi/lib/thumb/v7e-m+fp/hard\libc_nano.a(lib_a-fprintf.o)
                0x0000000008008dd4                fiprintf
                0x0000000008008dd4                fprintf
 .text._lseek_r
                0x0000000008008df8       0x24 c:/st/stm32cubeide_1.5.0/stm32cubeide/plugins/com.st.stm32cube.ide.mcu.externaltools.gnu-tools-for-stm32.9-2020-q2-update.win32_1.5.0.202011040924/tools/bin/../lib/gcc/arm-none-eabi/9.3.1/../../../../arm-none-eabi/lib/thumb/v7e-m+fp/hard\libc_nano.a(lib_a-lseekr.o)
                0x0000000008008df8                _lseek_r
 .text.__swhatbuf_r
                0x0000000008008e1c       0x48 c:/st/stm32cubeide_1.5.0/stm32cubeide/plugins/com.st.stm32cube.ide.mcu.externaltools.gnu-tools-for-stm32.9-2020-q2-update.win32_1.5.0.202011040924/tools/bin/../lib/gcc/arm-none-eabi/9.3.1/../../../../arm-none-eabi/lib/thumb/v7e-m+fp/hard\libc_nano.a(lib_a-makebuf.o)
                0x0000000008008e1c                __swhatbuf_r
 .text.__smakebuf_r
                0x0000000008008e64       0x80 c:/st/stm32cubeide_1.5.0/stm32cubeide/plugins/com.st.stm32cube.ide.mcu.externaltools.gnu-tools-for-stm32.9-2020-q2-update.win32_1.5.0.202011040924/tools/bin/../lib/gcc/arm-none-eabi/9.3.1/../../../../arm-none-eabi/lib/thumb/v7e-m+fp/hard\libc_nano.a(lib_a-makebuf.o)
                0x0000000008008e64                __smakebuf_r
 .text.__ascii_mbtowc
                0x0000000008008ee4       0x24 c:/st/stm32cubeide_1.5.0/stm32cubeide/plugins/com.st.stm32cube.ide.mcu.externaltools.gnu-tools-for-stm32.9-2020-q2-update.win32_1.5.0.202011040924/tools/bin/../lib/gcc/arm-none-eabi/9.3.1/../../../../arm-none-eabi/lib/thumb/v7e-m+fp/hard\libc_nano.a(lib_a-mbtowc_r.o)
                0x0000000008008ee4                __ascii_mbtowc
 .text._read_r  0x0000000008008f08       0x24 c:/st/stm32cubeide_1.5.0/stm32cubeide/plugins/com.st.stm32cube.ide.mcu.externaltools.gnu-tools-for-stm32.9-2020-q2-update.win32_1.5.0.202011040924/tools/bin/../lib/gcc/arm-none-eabi/9.3.1/../../../../arm-none-eabi/lib/thumb/v7e-m+fp/hard\libc_nano.a(lib_a-readr.o)
                0x0000000008008f08                _read_r
 .text.__ascii_wctomb
                0x0000000008008f2c       0x1a c:/st/stm32cubeide_1.5.0/stm32cubeide/plugins/com.st.stm32cube.ide.mcu.externaltools.gnu-tools-for-stm32.9-2020-q2-update.win32_1.5.0.202011040924/tools/bin/../lib/gcc/arm-none-eabi/9.3.1/../../../../arm-none-eabi/lib/thumb/v7e-m+fp/hard\libc_nano.a(lib_a-wctomb_r.o)
                0x0000000008008f2c                __ascii_wctomb
 .text.abort    0x0000000008008f46        0xe c:/st/stm32cubeide_1.5.0/stm32cubeide/plugins/com.st.stm32cube.ide.mcu.externaltools.gnu-tools-for-stm32.9-2020-q2-update.win32_1.5.0.202011040924/tools/bin/../lib/gcc/arm-none-eabi/9.3.1/../../../../arm-none-eabi/lib/thumb/v7e-m+fp/hard\libc_nano.a(lib_a-abort.o)
                0x0000000008008f46                abort
 .text._fstat_r
                0x0000000008008f54       0x24 c:/st/stm32cubeide_1.5.0/stm32cubeide/plugins/com.st.stm32cube.ide.mcu.externaltools.gnu-tools-for-stm32.9-2020-q2-update.win32_1.5.0.202011040924/tools/bin/../lib/gcc/arm-none-eabi/9.3.1/../../../../arm-none-eabi/lib/thumb/v7e-m+fp/hard\libc_nano.a(lib_a-fstatr.o)
                0x0000000008008f54                _fstat_r
 .text._isatty_r
                0x0000000008008f78       0x20 c:/st/stm32cubeide_1.5.0/stm32cubeide/plugins/com.st.stm32cube.ide.mcu.externaltools.gnu-tools-for-stm32.9-2020-q2-update.win32_1.5.0.202011040924/tools/bin/../lib/gcc/arm-none-eabi/9.3.1/../../../../arm-none-eabi/lib/thumb/v7e-m+fp/hard\libc_nano.a(lib_a-isattyr.o)
                0x0000000008008f78                _isatty_r
 .text._raise_r
                0x0000000008008f98       0x50 c:/st/stm32cubeide_1.5.0/stm32cubeide/plugins/com.st.stm32cube.ide.mcu.externaltools.gnu-tools-for-stm32.9-2020-q2-update.win32_1.5.0.202011040924/tools/bin/../lib/gcc/arm-none-eabi/9.3.1/../../../../arm-none-eabi/lib/thumb/v7e-m+fp/hard\libc_nano.a(lib_a-signal.o)
                0x0000000008008f98                _raise_r
 .text.raise    0x0000000008008fe8       0x10 c:/st/stm32cubeide_1.5.0/stm32cubeide/plugins/com.st.stm32cube.ide.mcu.externaltools.gnu-tools-for-stm32.9-2020-q2-update.win32_1.5.0.202011040924/tools/bin/../lib/gcc/arm-none-eabi/9.3.1/../../../../arm-none-eabi/lib/thumb/v7e-m+fp/hard\libc_nano.a(lib_a-signal.o)
                0x0000000008008fe8                raise
 .text._kill_r  0x0000000008008ff8       0x24 c:/st/stm32cubeide_1.5.0/stm32cubeide/plugins/com.st.stm32cube.ide.mcu.externaltools.gnu-tools-for-stm32.9-2020-q2-update.win32_1.5.0.202011040924/tools/bin/../lib/gcc/arm-none-eabi/9.3.1/../../../../arm-none-eabi/lib/thumb/v7e-m+fp/hard\libc_nano.a(lib_a-signalr.o)
                0x0000000008008ff8                _kill_r
 .text._getpid_r
                0x000000000800901c        0x4 c:/st/stm32cubeide_1.5.0/stm32cubeide/plugins/com.st.stm32cube.ide.mcu.externaltools.gnu-tools-for-stm32.9-2020-q2-update.win32_1.5.0.202011040924/tools/bin/../lib/gcc/arm-none-eabi/9.3.1/../../../../arm-none-eabi/lib/thumb/v7e-m+fp/hard\libc_nano.a(lib_a-signalr.o)
                0x000000000800901c                _getpid_r
 .text.expf     0x0000000008009020       0x7c c:/st/stm32cubeide_1.5.0/stm32cubeide/plugins/com.st.stm32cube.ide.mcu.externaltools.gnu-tools-for-stm32.9-2020-q2-update.win32_1.5.0.202011040924/tools/bin/../lib/gcc/arm-none-eabi/9.3.1/../../../../arm-none-eabi/lib/thumb/v7e-m+fp/hard\libm.a(lib_a-wf_exp.o)
                0x0000000008009020                expf
 .text.__ieee754_expf
                0x000000000800909c      0x1a8 c:/st/stm32cubeide_1.5.0/stm32cubeide/plugins/com.st.stm32cube.ide.mcu.externaltools.gnu-tools-for-stm32.9-2020-q2-update.win32_1.5.0.202011040924/tools/bin/../lib/gcc/arm-none-eabi/9.3.1/../../../../arm-none-eabi/lib/thumb/v7e-m+fp/hard\libm.a(lib_a-ef_exp.o)
                0x000000000800909c                __ieee754_expf
 .text.finitef  0x0000000008009244       0x1a c:/st/stm32cubeide_1.5.0/stm32cubeide/plugins/com.st.stm32cube.ide.mcu.externaltools.gnu-tools-for-stm32.9-2020-q2-update.win32_1.5.0.202011040924/tools/bin/../lib/gcc/arm-none-eabi/9.3.1/../../../../arm-none-eabi/lib/thumb/v7e-m+fp/hard\libm.a(lib_a-sf_finite.o)
                0x0000000008009244                finitef
 *fill*         0x000000000800925e        0x2 
 .text._close   0x0000000008009260       0x10 c:/st/stm32cubeide_1.5.0/stm32cubeide/plugins/com.st.stm32cube.ide.mcu.externaltools.gnu-tools-for-stm32.9-2020-q2-update.win32_1.5.0.202011040924/tools/bin/../lib/gcc/arm-none-eabi/9.3.1/../../../../arm-none-eabi/lib/thumb/v7e-m+fp/hard\libnosys.a(close.o)
                0x0000000008009260                _close
 .text._fstat   0x0000000008009270       0x10 c:/st/stm32cubeide_1.5.0/stm32cubeide/plugins/com.st.stm32cube.ide.mcu.externaltools.gnu-tools-for-stm32.9-2020-q2-update.win32_1.5.0.202011040924/tools/bin/../lib/gcc/arm-none-eabi/9.3.1/../../../../arm-none-eabi/lib/thumb/v7e-m+fp/hard\libnosys.a(fstat.o)
                0x0000000008009270                _fstat
 .text._getpid  0x0000000008009280       0x10 c:/st/stm32cubeide_1.5.0/stm32cubeide/plugins/com.st.stm32cube.ide.mcu.externaltools.gnu-tools-for-stm32.9-2020-q2-update.win32_1.5.0.202011040924/tools/bin/../lib/gcc/arm-none-eabi/9.3.1/../../../../arm-none-eabi/lib/thumb/v7e-m+fp/hard\libnosys.a(getpid.o)
                0x0000000008009280                _getpid
 .text._isatty  0x0000000008009290       0x10 c:/st/stm32cubeide_1.5.0/stm32cubeide/plugins/com.st.stm32cube.ide.mcu.externaltools.gnu-tools-for-stm32.9-2020-q2-update.win32_1.5.0.202011040924/tools/bin/../lib/gcc/arm-none-eabi/9.3.1/../../../../arm-none-eabi/lib/thumb/v7e-m+fp/hard\libnosys.a(isatty.o)
                0x0000000008009290                _isatty
 .text._kill    0x00000000080092a0       0x10 c:/st/stm32cubeide_1.5.0/stm32cubeide/plugins/com.st.stm32cube.ide.mcu.externaltools.gnu-tools-for-stm32.9-2020-q2-update.win32_1.5.0.202011040924/tools/bin/../lib/gcc/arm-none-eabi/9.3.1/../../../../arm-none-eabi/lib/thumb/v7e-m+fp/hard\libnosys.a(kill.o)
                0x00000000080092a0                _kill
 .text._lseek   0x00000000080092b0       0x10 c:/st/stm32cubeide_1.5.0/stm32cubeide/plugins/com.st.stm32cube.ide.mcu.externaltools.gnu-tools-for-stm32.9-2020-q2-update.win32_1.5.0.202011040924/tools/bin/../lib/gcc/arm-none-eabi/9.3.1/../../../../arm-none-eabi/lib/thumb/v7e-m+fp/hard\libnosys.a(lseek.o)
                0x00000000080092b0                _lseek
 .text._read    0x00000000080092c0       0x10 c:/st/stm32cubeide_1.5.0/stm32cubeide/plugins/com.st.stm32cube.ide.mcu.externaltools.gnu-tools-for-stm32.9-2020-q2-update.win32_1.5.0.202011040924/tools/bin/../lib/gcc/arm-none-eabi/9.3.1/../../../../arm-none-eabi/lib/thumb/v7e-m+fp/hard\libnosys.a(read.o)
                0x00000000080092c0                _read
 .text._exit    0x00000000080092d0        0x2 c:/st/stm32cubeide_1.5.0/stm32cubeide/plugins/com.st.stm32cube.ide.mcu.externaltools.gnu-tools-for-stm32.9-2020-q2-update.win32_1.5.0.202011040924/tools/bin/../lib/gcc/arm-none-eabi/9.3.1/../../../../arm-none-eabi/lib/thumb/v7e-m+fp/hard\libnosys.a(_exit.o)
                0x00000000080092d0                _exit
 *(.glue_7)
 .glue_7        0x00000000080092d2        0x0 linker stubs
 *(.glue_7t)
 .glue_7t       0x00000000080092d2        0x0 linker stubs
 *(.eh_frame)
 *fill*         0x00000000080092d2        0x2 
 .eh_frame      0x00000000080092d4        0x0 c:/st/stm32cubeide_1.5.0/stm32cubeide/plugins/com.st.stm32cube.ide.mcu.externaltools.gnu-tools-for-stm32.9-2020-q2-update.win32_1.5.0.202011040924/tools/bin/../lib/gcc/arm-none-eabi/9.3.1/thumb/v7e-m+fp/hard/crtbegin.o
 *(.init)
 .init          0x00000000080092d4        0x4 c:/st/stm32cubeide_1.5.0/stm32cubeide/plugins/com.st.stm32cube.ide.mcu.externaltools.gnu-tools-for-stm32.9-2020-q2-update.win32_1.5.0.202011040924/tools/bin/../lib/gcc/arm-none-eabi/9.3.1/thumb/v7e-m+fp/hard/crti.o
                0x00000000080092d4                _init
 .init          0x00000000080092d8        0x8 c:/st/stm32cubeide_1.5.0/stm32cubeide/plugins/com.st.stm32cube.ide.mcu.externaltools.gnu-tools-for-stm32.9-2020-q2-update.win32_1.5.0.202011040924/tools/bin/../lib/gcc/arm-none-eabi/9.3.1/thumb/v7e-m+fp/hard/crtn.o
 *(.fini)
 .fini          0x00000000080092e0        0x4 c:/st/stm32cubeide_1.5.0/stm32cubeide/plugins/com.st.stm32cube.ide.mcu.externaltools.gnu-tools-for-stm32.9-2020-q2-update.win32_1.5.0.202011040924/tools/bin/../lib/gcc/arm-none-eabi/9.3.1/thumb/v7e-m+fp/hard/crti.o
                0x00000000080092e0                _fini
 .fini          0x00000000080092e4        0x8 c:/st/stm32cubeide_1.5.0/stm32cubeide/plugins/com.st.stm32cube.ide.mcu.externaltools.gnu-tools-for-stm32.9-2020-q2-update.win32_1.5.0.202011040924/tools/bin/../lib/gcc/arm-none-eabi/9.3.1/thumb/v7e-m+fp/hard/crtn.o
                0x00000000080092ec                . = ALIGN (0x4)
                0x00000000080092ec                _etext = .

.vfp11_veneer   0x00000000080092ec        0x0
 .vfp11_veneer  0x00000000080092ec        0x0 linker stubs

.v4_bx          0x00000000080092ec        0x0
 .v4_bx         0x00000000080092ec        0x0 linker stubs

.iplt           0x00000000080092ec        0x0
 .iplt          0x00000000080092ec        0x0 c:/st/stm32cubeide_1.5.0/stm32cubeide/plugins/com.st.stm32cube.ide.mcu.externaltools.gnu-tools-for-stm32.9-2020-q2-update.win32_1.5.0.202011040924/tools/bin/../lib/gcc/arm-none-eabi/9.3.1/thumb/v7e-m+fp/hard/crtbegin.o

.rodata         0x0000000008009300      0xb64
                0x0000000008009300                . = ALIGN (0x4)
 *(.rodata)
 .rodata        0x0000000008009300       0x30 Core/Src/main.o
 .rodata        0x0000000008009330        0x4 ../Middlewares/ST/AI/Lib\NetworkRuntime600_CM4_GCC.a(layers.o)
 *(.rodata*)
 .rodata.HAL_GPIO_EXTI_Callback.str1.1
                0x0000000008009334       0x38 Core/Src/main.o
 .rodata.main.str1.1
                0x000000000800936c       0x56 Core/Src/main.o
 .rodata.str1.1
                0x00000000080093c2       0x16 Core/Src/main.o
 .rodata.AHBPrescTable
                0x00000000080093d8       0x10 Core/Src/system_stm32f4xx.o
                0x00000000080093d8                AHBPrescTable
 .rodata.APBPrescTable
                0x00000000080093e8        0x8 Core/Src/system_stm32f4xx.o
                0x00000000080093e8                APBPrescTable
 .rodata.flagBitshiftOffset.7937
                0x00000000080093f0        0x8 Drivers/STM32F4xx_HAL_Driver/Src/stm32f4xx_hal_dma.o
 .rodata.conv1d_1_chain
                0x00000000080093f8        0x8 X-CUBE-AI/App/network.o
 .rodata.conv1d_chain
                0x0000000008009400        0x8 X-CUBE-AI/App/network.o
 .rodata.dense_1_chain
                0x0000000008009408        0x8 X-CUBE-AI/App/network.o
 .rodata.dense_1_nl_chain
                0x0000000008009410        0x8 X-CUBE-AI/App/network.o
 .rodata.dense_chain
                0x0000000008009418        0x8 X-CUBE-AI/App/network.o
 .rodata.dense_nl_chain
                0x0000000008009420        0x8 X-CUBE-AI/App/network.o
 *fill*         0x0000000008009428       0x18 
 .rodata.s_network_weights.5788
                0x0000000008009440      0x628 X-CUBE-AI/App/network_data.o
 .rodata._global_impure_ptr
                0x0000000008009a68        0x4 c:/st/stm32cubeide_1.5.0/stm32cubeide/plugins/com.st.stm32cube.ide.mcu.externaltools.gnu-tools-for-stm32.9-2020-q2-update.win32_1.5.0.202011040924/tools/bin/../lib/gcc/arm-none-eabi/9.3.1/../../../../arm-none-eabi/lib/thumb/v7e-m+fp/hard\libc_nano.a(lib_a-impure.o)
                0x0000000008009a68                _global_impure_ptr
 .rodata._printf_float.str1.1
                0x0000000008009a6c       0x12 c:/st/stm32cubeide_1.5.0/stm32cubeide/plugins/com.st.stm32cube.ide.mcu.externaltools.gnu-tools-for-stm32.9-2020-q2-update.win32_1.5.0.202011040924/tools/bin/../lib/gcc/arm-none-eabi/9.3.1/../../../../arm-none-eabi/lib/thumb/v7e-m+fp/hard\libc_nano.a(lib_a-nano-vfprintf_float.o)
 .rodata._printf_i.str1.1
                0x0000000008009a7e       0x22 c:/st/stm32cubeide_1.5.0/stm32cubeide/plugins/com.st.stm32cube.ide.mcu.externaltools.gnu-tools-for-stm32.9-2020-q2-update.win32_1.5.0.202011040924/tools/bin/../lib/gcc/arm-none-eabi/9.3.1/../../../../arm-none-eabi/lib/thumb/v7e-m+fp/hard\libc_nano.a(lib_a-nano-vfprintf_i.o)
 .rodata._dtoa_r.str1.1
                0x0000000008009aa0       0x94 c:/st/stm32cubeide_1.5.0/stm32cubeide/plugins/com.st.stm32cube.ide.mcu.externaltools.gnu-tools-for-stm32.9-2020-q2-update.win32_1.5.0.202011040924/tools/bin/../lib/gcc/arm-none-eabi/9.3.1/../../../../arm-none-eabi/lib/thumb/v7e-m+fp/hard\libc_nano.a(lib_a-dtoa.o)
                                         0x96 (size before relaxing)
 .rodata.__sf_fake_stderr
                0x0000000008009b34       0x20 c:/st/stm32cubeide_1.5.0/stm32cubeide/plugins/com.st.stm32cube.ide.mcu.externaltools.gnu-tools-for-stm32.9-2020-q2-update.win32_1.5.0.202011040924/tools/bin/../lib/gcc/arm-none-eabi/9.3.1/../../../../arm-none-eabi/lib/thumb/v7e-m+fp/hard\libc_nano.a(lib_a-findfp.o)
                0x0000000008009b34                __sf_fake_stderr
 .rodata.__sf_fake_stdin
                0x0000000008009b54       0x20 c:/st/stm32cubeide_1.5.0/stm32cubeide/plugins/com.st.stm32cube.ide.mcu.externaltools.gnu-tools-for-stm32.9-2020-q2-update.win32_1.5.0.202011040924/tools/bin/../lib/gcc/arm-none-eabi/9.3.1/../../../../arm-none-eabi/lib/thumb/v7e-m+fp/hard\libc_nano.a(lib_a-findfp.o)
                0x0000000008009b54                __sf_fake_stdin
 .rodata.__sf_fake_stdout
                0x0000000008009b74       0x20 c:/st/stm32cubeide_1.5.0/stm32cubeide/plugins/com.st.stm32cube.ide.mcu.externaltools.gnu-tools-for-stm32.9-2020-q2-update.win32_1.5.0.202011040924/tools/bin/../lib/gcc/arm-none-eabi/9.3.1/../../../../arm-none-eabi/lib/thumb/v7e-m+fp/hard\libc_nano.a(lib_a-findfp.o)
                0x0000000008009b74                __sf_fake_stdout
 .rodata._Balloc.str1.1
                0x0000000008009b94       0x60 c:/st/stm32cubeide_1.5.0/stm32cubeide/plugins/com.st.stm32cube.ide.mcu.externaltools.gnu-tools-for-stm32.9-2020-q2-update.win32_1.5.0.202011040924/tools/bin/../lib/gcc/arm-none-eabi/9.3.1/../../../../arm-none-eabi/lib/thumb/v7e-m+fp/hard\libc_nano.a(lib_a-mprec.o)
                                         0x77 (size before relaxing)
 .rodata.__multadd.str1.1
                0x0000000008009bf4       0x11 c:/st/stm32cubeide_1.5.0/stm32cubeide/plugins/com.st.stm32cube.ide.mcu.externaltools.gnu-tools-for-stm32.9-2020-q2-update.win32_1.5.0.202011040924/tools/bin/../lib/gcc/arm-none-eabi/9.3.1/../../../../arm-none-eabi/lib/thumb/v7e-m+fp/hard\libc_nano.a(lib_a-mprec.o)
 *fill*         0x0000000008009bf4        0x4 
 .rodata.__mprec_bigtens
                0x0000000008009bf8       0x28 c:/st/stm32cubeide_1.5.0/stm32cubeide/plugins/com.st.stm32cube.ide.mcu.externaltools.gnu-tools-for-stm32.9-2020-q2-update.win32_1.5.0.202011040924/tools/bin/../lib/gcc/arm-none-eabi/9.3.1/../../../../arm-none-eabi/lib/thumb/v7e-m+fp/hard\libc_nano.a(lib_a-mprec.o)
                0x0000000008009bf8                __mprec_bigtens
 .rodata.__mprec_tens
                0x0000000008009c20       0xc8 c:/st/stm32cubeide_1.5.0/stm32cubeide/plugins/com.st.stm32cube.ide.mcu.externaltools.gnu-tools-for-stm32.9-2020-q2-update.win32_1.5.0.202011040924/tools/bin/../lib/gcc/arm-none-eabi/9.3.1/../../../../arm-none-eabi/lib/thumb/v7e-m+fp/hard\libc_nano.a(lib_a-mprec.o)
                0x0000000008009c20                __mprec_tens
 .rodata.p05.7513
                0x0000000008009ce8        0xc c:/st/stm32cubeide_1.5.0/stm32cubeide/plugins/com.st.stm32cube.ide.mcu.externaltools.gnu-tools-for-stm32.9-2020-q2-update.win32_1.5.0.202011040924/tools/bin/../lib/gcc/arm-none-eabi/9.3.1/../../../../arm-none-eabi/lib/thumb/v7e-m+fp/hard\libc_nano.a(lib_a-mprec.o)
 .rodata._vfprintf_r.str1.1
                0x0000000008009cf4       0x11 c:/st/stm32cubeide_1.5.0/stm32cubeide/plugins/com.st.stm32cube.ide.mcu.externaltools.gnu-tools-for-stm32.9-2020-q2-update.win32_1.5.0.202011040924/tools/bin/../lib/gcc/arm-none-eabi/9.3.1/../../../../arm-none-eabi/lib/thumb/v7e-m+fp/hard\libc_nano.a(lib_a-nano-vfprintf.o)
 .rodata.__assert_func.str1.1
                0x0000000008009d05       0x3c c:/st/stm32cubeide_1.5.0/stm32cubeide/plugins/com.st.stm32cube.ide.mcu.externaltools.gnu-tools-for-stm32.9-2020-q2-update.win32_1.5.0.202011040924/tools/bin/../lib/gcc/arm-none-eabi/9.3.1/../../../../arm-none-eabi/lib/thumb/v7e-m+fp/hard\libc_nano.a(lib_a-assert.o)
                                         0x3d (size before relaxing)
 .rodata._setlocale_r.str1.1
                0x0000000008009d41        0x8 c:/st/stm32cubeide_1.5.0/stm32cubeide/plugins/com.st.stm32cube.ide.mcu.externaltools.gnu-tools-for-stm32.9-2020-q2-update.win32_1.5.0.202011040924/tools/bin/../lib/gcc/arm-none-eabi/9.3.1/../../../../arm-none-eabi/lib/thumb/v7e-m+fp/hard\libc_nano.a(lib_a-locale.o)
                                          0x9 (size before relaxing)
 .rodata.str1.1
                0x0000000008009d49        0x2 c:/st/stm32cubeide_1.5.0/stm32cubeide/plugins/com.st.stm32cube.ide.mcu.externaltools.gnu-tools-for-stm32.9-2020-q2-update.win32_1.5.0.202011040924/tools/bin/../lib/gcc/arm-none-eabi/9.3.1/../../../../arm-none-eabi/lib/thumb/v7e-m+fp/hard\libc_nano.a(lib_a-locale.o)
 .rodata._ctype_
                0x0000000008009d4b      0x101 c:/st/stm32cubeide_1.5.0/stm32cubeide/plugins/com.st.stm32cube.ide.mcu.externaltools.gnu-tools-for-stm32.9-2020-q2-update.win32_1.5.0.202011040924/tools/bin/../lib/gcc/arm-none-eabi/9.3.1/../../../../arm-none-eabi/lib/thumb/v7e-m+fp/hard\libc_nano.a(lib_a-ctype_.o)
                0x0000000008009d4b                _ctype_
 .rodata.halF   0x0000000008009e4c        0x8 c:/st/stm32cubeide_1.5.0/stm32cubeide/plugins/com.st.stm32cube.ide.mcu.externaltools.gnu-tools-for-stm32.9-2020-q2-update.win32_1.5.0.202011040924/tools/bin/../lib/gcc/arm-none-eabi/9.3.1/../../../../arm-none-eabi/lib/thumb/v7e-m+fp/hard\libm.a(lib_a-ef_exp.o)
 .rodata.ln2HI  0x0000000008009e54        0x8 c:/st/stm32cubeide_1.5.0/stm32cubeide/plugins/com.st.stm32cube.ide.mcu.externaltools.gnu-tools-for-stm32.9-2020-q2-update.win32_1.5.0.202011040924/tools/bin/../lib/gcc/arm-none-eabi/9.3.1/../../../../arm-none-eabi/lib/thumb/v7e-m+fp/hard\libm.a(lib_a-ef_exp.o)
 .rodata.ln2LO  0x0000000008009e5c        0x8 c:/st/stm32cubeide_1.5.0/stm32cubeide/plugins/com.st.stm32cube.ide.mcu.externaltools.gnu-tools-for-stm32.9-2020-q2-update.win32_1.5.0.202011040924/tools/bin/../lib/gcc/arm-none-eabi/9.3.1/../../../../arm-none-eabi/lib/thumb/v7e-m+fp/hard\libm.a(lib_a-ef_exp.o)
                0x0000000008009e64                . = ALIGN (0x4)

.ARM.extab      0x0000000008009e64        0x0
                0x0000000008009e64                . = ALIGN (0x4)
 *(.ARM.extab* .gnu.linkonce.armextab.*)
                0x0000000008009e64                . = ALIGN (0x4)

.ARM            0x0000000008009e64        0x8
                0x0000000008009e64                . = ALIGN (0x4)
                0x0000000008009e64                __exidx_start = .
 *(.ARM.exidx*)
 .ARM.exidx     0x0000000008009e64        0x8 c:/st/stm32cubeide_1.5.0/stm32cubeide/plugins/com.st.stm32cube.ide.mcu.externaltools.gnu-tools-for-stm32.9-2020-q2-update.win32_1.5.0.202011040924/tools/bin/../lib/gcc/arm-none-eabi/9.3.1/thumb/v7e-m+fp/hard\libgcc.a(_udivmoddi4.o)
                0x0000000008009e6c                __exidx_end = .
                0x0000000008009e6c                . = ALIGN (0x4)

.rel.dyn        0x0000000008009e6c        0x0
 .rel.iplt      0x0000000008009e6c        0x0 c:/st/stm32cubeide_1.5.0/stm32cubeide/plugins/com.st.stm32cube.ide.mcu.externaltools.gnu-tools-for-stm32.9-2020-q2-update.win32_1.5.0.202011040924/tools/bin/../lib/gcc/arm-none-eabi/9.3.1/thumb/v7e-m+fp/hard/crtbegin.o

.preinit_array  0x0000000008009e6c        0x0
                0x0000000008009e6c                . = ALIGN (0x4)
                0x0000000008009e6c                PROVIDE (__preinit_array_start = .)
 *(.preinit_array*)
                0x0000000008009e6c                PROVIDE (__preinit_array_end = .)
                0x0000000008009e6c                . = ALIGN (0x4)

.init_array     0x0000000008009e6c        0x4
                0x0000000008009e6c                . = ALIGN (0x4)
                0x0000000008009e6c                PROVIDE (__init_array_start = .)
 *(SORT_BY_NAME(.init_array.*))
 *(.init_array*)
 .init_array    0x0000000008009e6c        0x4 c:/st/stm32cubeide_1.5.0/stm32cubeide/plugins/com.st.stm32cube.ide.mcu.externaltools.gnu-tools-for-stm32.9-2020-q2-update.win32_1.5.0.202011040924/tools/bin/../lib/gcc/arm-none-eabi/9.3.1/thumb/v7e-m+fp/hard/crtbegin.o
                0x0000000008009e70                PROVIDE (__init_array_end = .)
                0x0000000008009e70                . = ALIGN (0x4)

.fini_array     0x0000000008009e70        0x4
                0x0000000008009e70                . = ALIGN (0x4)
                [!provide]                        PROVIDE (__fini_array_start = .)
 *(SORT_BY_NAME(.fini_array.*))
 *(.fini_array*)
 .fini_array    0x0000000008009e70        0x4 c:/st/stm32cubeide_1.5.0/stm32cubeide/plugins/com.st.stm32cube.ide.mcu.externaltools.gnu-tools-for-stm32.9-2020-q2-update.win32_1.5.0.202011040924/tools/bin/../lib/gcc/arm-none-eabi/9.3.1/thumb/v7e-m+fp/hard/crtbegin.o
                [!provide]                        PROVIDE (__fini_array_end = .)
                0x0000000008009e74                . = ALIGN (0x4)
                0x0000000008009e74                _sidata = LOADADDR (.data)

.data           0x0000000020000000      0xa18 load address 0x0000000008009e74
                0x0000000020000000                . = ALIGN (0x4)
                0x0000000020000000                _sdata = .
 *(.data)
 *(.data*)
 .data.activities
                0x0000000020000000       0x10 Core/Src/main.o
                0x0000000020000000                activities
 .data.SystemCoreClock
                0x0000000020000010        0x4 Core/Src/system_stm32f4xx.o
                0x0000000020000010                SystemCoreClock
 .data.uwTickFreq
                0x0000000020000014        0x1 Drivers/STM32F4xx_HAL_Driver/Src/stm32f4xx_hal.o
                0x0000000020000014                uwTickFreq
 *fill*         0x0000000020000015        0x3 
 .data.uwTickPrio
                0x0000000020000018        0x4 Drivers/STM32F4xx_HAL_Driver/Src/stm32f4xx_hal.o
                0x0000000020000018                uwTickPrio
 .data.__compound_literal.0
                0x000000002000001c       0x10 X-CUBE-AI/App/network.o
 .data.__compound_literal.1
                0x000000002000002c       0x10 X-CUBE-AI/App/network.o
 .data.__compound_literal.10
                0x000000002000003c       0x10 X-CUBE-AI/App/network.o
 .data.__compound_literal.11
                0x000000002000004c       0x10 X-CUBE-AI/App/network.o
 .data.__compound_literal.12
                0x000000002000005c       0x10 X-CUBE-AI/App/network.o
 .data.__compound_literal.13
                0x000000002000006c       0x10 X-CUBE-AI/App/network.o
 .data.__compound_literal.14
                0x000000002000007c       0x10 X-CUBE-AI/App/network.o
 .data.__compound_literal.15
                0x000000002000008c       0x10 X-CUBE-AI/App/network.o
 .data.__compound_literal.16
                0x000000002000009c       0x10 X-CUBE-AI/App/network.o
 .data.__compound_literal.17
                0x00000000200000ac       0x10 X-CUBE-AI/App/network.o
 .data.__compound_literal.18
                0x00000000200000bc       0x10 X-CUBE-AI/App/network.o
 .data.__compound_literal.19
                0x00000000200000cc       0x10 X-CUBE-AI/App/network.o
 .data.__compound_literal.2
                0x00000000200000dc       0x10 X-CUBE-AI/App/network.o
 .data.__compound_literal.20
                0x00000000200000ec       0x10 X-CUBE-AI/App/network.o
 .data.__compound_literal.21
                0x00000000200000fc       0x10 X-CUBE-AI/App/network.o
 .data.__compound_literal.22
                0x000000002000010c       0x10 X-CUBE-AI/App/network.o
 .data.__compound_literal.23
                0x000000002000011c       0x10 X-CUBE-AI/App/network.o
 .data.__compound_literal.24
                0x000000002000012c       0x10 X-CUBE-AI/App/network.o
 .data.__compound_literal.25
                0x000000002000013c       0x10 X-CUBE-AI/App/network.o
 .data.__compound_literal.26
                0x000000002000014c       0x10 X-CUBE-AI/App/network.o
 .data.__compound_literal.27
                0x000000002000015c       0x10 X-CUBE-AI/App/network.o
 .data.__compound_literal.28
                0x000000002000016c       0x10 X-CUBE-AI/App/network.o
 .data.__compound_literal.29
                0x000000002000017c       0x10 X-CUBE-AI/App/network.o
 .data.__compound_literal.3
                0x000000002000018c       0x10 X-CUBE-AI/App/network.o
 .data.__compound_literal.30
                0x000000002000019c       0x10 X-CUBE-AI/App/network.o
 .data.__compound_literal.31
                0x00000000200001ac       0x10 X-CUBE-AI/App/network.o
 .data.__compound_literal.32
                0x00000000200001bc       0x10 X-CUBE-AI/App/network.o
 .data.__compound_literal.33
                0x00000000200001cc       0x10 X-CUBE-AI/App/network.o
 .data.__compound_literal.34
                0x00000000200001dc        0x4 X-CUBE-AI/App/network.o
 .data.__compound_literal.35
                0x00000000200001e0        0x4 X-CUBE-AI/App/network.o
 .data.__compound_literal.36
                0x00000000200001e4        0xc X-CUBE-AI/App/network.o
 .data.__compound_literal.37
                0x00000000200001f0        0x4 X-CUBE-AI/App/network.o
 .data.__compound_literal.38
                0x00000000200001f4       0x30 X-CUBE-AI/App/network.o
 .data.__compound_literal.4
                0x0000000020000224       0x10 X-CUBE-AI/App/network.o
 .data.__compound_literal.41
                0x0000000020000234        0x4 X-CUBE-AI/App/network.o
 .data.__compound_literal.42
                0x0000000020000238        0x4 X-CUBE-AI/App/network.o
 .data.__compound_literal.43
                0x000000002000023c        0xc X-CUBE-AI/App/network.o
 .data.__compound_literal.45
                0x0000000020000248       0x30 X-CUBE-AI/App/network.o
 .data.__compound_literal.47
                0x0000000020000278        0x4 X-CUBE-AI/App/network.o
 .data.__compound_literal.48
                0x000000002000027c        0x4 X-CUBE-AI/App/network.o
 .data.__compound_literal.49
                0x0000000020000280        0x8 X-CUBE-AI/App/network.o
 .data.__compound_literal.5
                0x0000000020000288       0x10 X-CUBE-AI/App/network.o
 .data.__compound_literal.51
                0x0000000020000298       0x30 X-CUBE-AI/App/network.o
 .data.__compound_literal.52
                0x00000000200002c8        0x4 X-CUBE-AI/App/network.o
 .data.__compound_literal.53
                0x00000000200002cc        0x4 X-CUBE-AI/App/network.o
 .data.__compound_literal.56
                0x00000000200002d0       0x30 X-CUBE-AI/App/network.o
 .data.__compound_literal.57
                0x0000000020000300        0x4 X-CUBE-AI/App/network.o
 .data.__compound_literal.58
                0x0000000020000304        0x4 X-CUBE-AI/App/network.o
 .data.__compound_literal.59
                0x0000000020000308        0x8 X-CUBE-AI/App/network.o
 .data.__compound_literal.6
                0x0000000020000310       0x10 X-CUBE-AI/App/network.o
 .data.__compound_literal.61
                0x0000000020000320       0x30 X-CUBE-AI/App/network.o
 .data.__compound_literal.62
                0x0000000020000350        0x4 X-CUBE-AI/App/network.o
 .data.__compound_literal.63
                0x0000000020000354        0x4 X-CUBE-AI/App/network.o
 .data.__compound_literal.66
                0x0000000020000358       0x30 X-CUBE-AI/App/network.o
 .data.__compound_literal.67
                0x0000000020000388        0x4 X-CUBE-AI/App/network.o
 .data.__compound_literal.7
                0x000000002000038c       0x10 X-CUBE-AI/App/network.o
 .data.__compound_literal.71
                0x000000002000039c        0xc X-CUBE-AI/App/network.o
 .data.__compound_literal.72
                0x00000000200003a8        0x4 X-CUBE-AI/App/network.o
 .data.__compound_literal.76
                0x00000000200003ac        0xc X-CUBE-AI/App/network.o
 .data.__compound_literal.77
                0x00000000200003b8       0x18 X-CUBE-AI/App/network.o
 .data.__compound_literal.8
                0x00000000200003d0       0x10 X-CUBE-AI/App/network.o
 .data.__compound_literal.9
                0x00000000200003e0       0x10 X-CUBE-AI/App/network.o
 .data.conv1d_1_bias
                0x00000000200003f0       0x1c X-CUBE-AI/App/network.o
 .data.conv1d_1_bias_array
                0x000000002000040c       0x10 X-CUBE-AI/App/network.o
 .data.conv1d_1_layer
                0x000000002000041c       0x40 X-CUBE-AI/App/network.o
 .data.conv1d_1_output
                0x000000002000045c       0x1c X-CUBE-AI/App/network.o
 .data.conv1d_1_output0
                0x0000000020000478       0x1c X-CUBE-AI/App/network.o
 .data.conv1d_1_output_array
                0x0000000020000494       0x10 X-CUBE-AI/App/network.o
 .data.conv1d_1_weights
                0x00000000200004a4       0x1c X-CUBE-AI/App/network.o
 .data.conv1d_1_weights_array
                0x00000000200004c0       0x10 X-CUBE-AI/App/network.o
 .data.conv1d_bias
                0x00000000200004d0       0x1c X-CUBE-AI/App/network.o
 .data.conv1d_bias_array
                0x00000000200004ec       0x10 X-CUBE-AI/App/network.o
 .data.conv1d_layer
                0x00000000200004fc       0x5c X-CUBE-AI/App/network.o
 .data.conv1d_output
                0x0000000020000558       0x1c X-CUBE-AI/App/network.o
 .data.conv1d_output_array
                0x0000000020000574       0x10 X-CUBE-AI/App/network.o
 .data.conv1d_scratch0
                0x0000000020000584       0x1c X-CUBE-AI/App/network.o
 .data.conv1d_scratch0_array
                0x00000000200005a0       0x10 X-CUBE-AI/App/network.o
 .data.conv1d_weights
                0x00000000200005b0       0x1c X-CUBE-AI/App/network.o
 .data.conv1d_weights_array
                0x00000000200005cc       0x10 X-CUBE-AI/App/network.o
 .data.dense_1_bias
                0x00000000200005dc       0x1c X-CUBE-AI/App/network.o
 .data.dense_1_bias_array
                0x00000000200005f8       0x10 X-CUBE-AI/App/network.o
 .data.dense_1_layer
                0x0000000020000608       0x1c X-CUBE-AI/App/network.o
 .data.dense_1_nl_layer
                0x0000000020000624       0x20 X-CUBE-AI/App/network.o
 .data.dense_1_nl_output
                0x0000000020000644       0x1c X-CUBE-AI/App/network.o
 .data.dense_1_nl_output_array
                0x0000000020000660       0x10 X-CUBE-AI/App/network.o
 .data.dense_1_output
                0x0000000020000670       0x1c X-CUBE-AI/App/network.o
 .data.dense_1_output_array
                0x000000002000068c       0x10 X-CUBE-AI/App/network.o
 .data.dense_1_weights
                0x000000002000069c       0x1c X-CUBE-AI/App/network.o
 .data.dense_1_weights_array
                0x00000000200006b8       0x10 X-CUBE-AI/App/network.o
 .data.dense_bias
                0x00000000200006c8       0x1c X-CUBE-AI/App/network.o
 .data.dense_bias_array
                0x00000000200006e4       0x10 X-CUBE-AI/App/network.o
 .data.dense_layer
                0x00000000200006f4       0x1c X-CUBE-AI/App/network.o
 .data.dense_nl_layer
                0x0000000020000710       0x20 X-CUBE-AI/App/network.o
 .data.dense_nl_output
                0x0000000020000730       0x1c X-CUBE-AI/App/network.o
 .data.dense_nl_output_array
                0x000000002000074c       0x10 X-CUBE-AI/App/network.o
 .data.dense_output
                0x000000002000075c       0x1c X-CUBE-AI/App/network.o
 .data.dense_output_array
                0x0000000020000778       0x10 X-CUBE-AI/App/network.o
 .data.dense_weights
                0x0000000020000788       0x1c X-CUBE-AI/App/network.o
 .data.dense_weights_array
                0x00000000200007a4       0x10 X-CUBE-AI/App/network.o
 .data.g_network
                0x00000000200007b4       0x64 X-CUBE-AI/App/network.o
 .data.input_0_output
                0x0000000020000818       0x1c X-CUBE-AI/App/network.o
 .data.input_0_output_array
                0x0000000020000834       0x10 X-CUBE-AI/App/network.o
 .data._impure_ptr
                0x0000000020000844        0x4 c:/st/stm32cubeide_1.5.0/stm32cubeide/plugins/com.st.stm32cube.ide.mcu.externaltools.gnu-tools-for-stm32.9-2020-q2-update.win32_1.5.0.202011040924/tools/bin/../lib/gcc/arm-none-eabi/9.3.1/../../../../arm-none-eabi/lib/thumb/v7e-m+fp/hard\libc_nano.a(lib_a-impure.o)
                0x0000000020000844                _impure_ptr
 .data.impure_data
                0x0000000020000848       0x60 c:/st/stm32cubeide_1.5.0/stm32cubeide/plugins/com.st.stm32cube.ide.mcu.externaltools.gnu-tools-for-stm32.9-2020-q2-update.win32_1.5.0.202011040924/tools/bin/../lib/gcc/arm-none-eabi/9.3.1/../../../../arm-none-eabi/lib/thumb/v7e-m+fp/hard\libc_nano.a(lib_a-impure.o)
 .data.__global_locale
                0x00000000200008a8      0x16c c:/st/stm32cubeide_1.5.0/stm32cubeide/plugins/com.st.stm32cube.ide.mcu.externaltools.gnu-tools-for-stm32.9-2020-q2-update.win32_1.5.0.202011040924/tools/bin/../lib/gcc/arm-none-eabi/9.3.1/../../../../arm-none-eabi/lib/thumb/v7e-m+fp/hard\libc_nano.a(lib_a-locale.o)
                0x00000000200008a8                __global_locale
 .data.__fdlib_version